// Jest Snapshot v1, https://goo.gl/fbAQLP

exports[`Table snapshot tests actions with non-existent module 1`] = `
<tr
  class="Row"
>
  <td
    class="Cell"
  >
    <div
      class="Text"
    >
      <span>
        <span
          class="Text"
        >
          1a180380-fc30-4117-ae79-dac13fc0ef38
        </span>
      </span>
    </div>
  </td>
  <td
    class="Cell"
  >
    <div
      class="Text"
    >
      <span>
        <span
          class="Text"
        >
          001Ruben01_Sync
        </span>
      </span>
    </div>
  </td>
  <td
    class="Cell"
  >
    <div
      class="Checkbox"
    >
      <span>
        <span
          class="Input"
          data-checked="true"
        />
      </span>
    </div>
  </td>
  <td
    class="Cell"
  >
    <div
      class="Checkbox"
    >
      <span>
        <span
          class="Input"
          data-checked="true"
        />
      </span>
    </div>
  </td>
  <td
    class="Cell"
  >
    <div
      class="Email"
    >
      <span>
        <span
          aria-label="Created by"
          class="Input"
        >
          test@espressive.com
        </span>
      </span>
    </div>
  </td>
  <td
    class="Cell"
  >
    <div
      class="Text"
    >
      <span>
        <span
          class="Text"
        >
          2021-03-31T17:29:28.162758Z
        </span>
      </span>
    </div>
  </td>
  <td
    class="CellActions"
  >
    <button
      aria-label="Edit"
      class="ui basic icon button"
      name="edit.start"
      type="button"
    >
      Edit
    </button>
    <div
      class="Error"
    >
      tequila is not a valid value for module. Try using one of [button, edit]
    </div>
    <button
      aria-controls="id-2"
      aria-expanded="false"
      aria-haspopup="menu"
      class="ui basic icon button"
      type="button"
    >
      <svg
        focusable="false"
        height="1em"
        preserveAspectRatio="xMidYMid meet"
        style="transform: rotate(360deg); vertical-align: -0.125em;"
        viewBox="0 0 64 64"
        width="1em"
        xmlns="http://www.w3.org/2000/svg"
      >
        <path
          d="M24 56a8 8 0 1 0 16 0a8 8 0 1 0-16 0zm0-24a8 8 0 1 0 16 0a8 8 0 1 0-16 0zm0-24a8 8 0 1 0 16 0a8 8 0 1 0-16 0z"
          fill="currentColor"
        />
      </svg>
    </button>
  </td>
</tr>
`;

exports[`Table snapshot tests conditional actions 1`] = `
<tr
  class="Row"
>
  <td
    class="Cell"
  >
    <div
      class="Text"
    >
      <span>
        <span
          class="Text"
        >
          1a180380-fc30-4117-ae79-dac13fc0ef38
        </span>
      </span>
    </div>
  </td>
  <td
    class="Cell"
  >
    <div
      class="Text"
    >
      <span>
        <span
          class="Text"
        >
          001Ruben01_Sync
        </span>
      </span>
    </div>
  </td>
  <td
    class="Cell"
  >
    <div
      class="Checkbox"
    >
      <span>
        <span
          class="Input"
          data-checked="true"
        />
      </span>
    </div>
  </td>
  <td
    class="Cell"
  >
    <div
      class="Checkbox"
    >
      <span>
        <span
          class="Input"
          data-checked="true"
        />
      </span>
    </div>
  </td>
  <td
    class="Cell"
  >
    <div
      class="Email"
    >
      <span>
        <span
          aria-label="Created by"
          class="Input"
        >
          test@espressive.com
        </span>
      </span>
    </div>
  </td>
  <td
    class="Cell"
  >
    <div
      class="Text"
    >
      <span>
        <span
          class="Text"
        >
          2021-03-31T17:29:28.162758Z
        </span>
      </span>
    </div>
  </td>
  <td
    class="CellActions"
  >
    <button
      aria-label="Edit"
      class="ui basic icon button"
      name="edit.start"
      type="button"
    >
      Edit
    </button>
  </td>
</tr>
`;

exports[`Table snapshot tests dataDisplay with non-existent module 1`] = `
<tr
  class="Row"
>
  <td
    class="Cell"
  >
    <div
      class="Text"
    >
      <span>
        <span
          class="Text"
        >
          1a180380-fc30-4117-ae79-dac13fc0ef38
        </span>
      </span>
    </div>
  </td>
  <td
    class="Cell"
  >
    <div
      class="Text"
    >
      <span>
        <span
          class="Text"
        >
          001Ruben01_Sync
        </span>
      </span>
    </div>
  </td>
  <td
    class="Cell"
  >
    <div
      class="Checkbox"
    >
      <span>
        <span
          class="Input"
          data-checked="true"
        />
      </span>
    </div>
  </td>
  <td
    class="Cell"
  >
    <div
      class="Checkbox"
    >
      <span>
        <span
          class="Input"
          data-checked="true"
        />
      </span>
    </div>
  </td>
  <td
    class="Cell"
  >
    <div
      class="Email"
    >
      <span>
        <span
          aria-label="Created by"
          class="Input"
        >
          test@espressive.com
        </span>
      </span>
    </div>
  </td>
  <td
    class="Cell"
  >
    <div
      class="Text"
    >
      <span>
        <span
          class="Text"
        >
          2021-03-31T17:29:28.162758Z
        </span>
      </span>
    </div>
  </td>
  <td
    class="Cell"
  >
    <div
      class="Error"
    >
      unknownModule is not a valid value for module. Try using one of [checkbox, color, date, datetime, email, file, image, json, month, number, password, radio, range, select, tel, text, textarea, time, url, week]
    </div>
  </td>
  <td
    class="CellActions"
  >
    <button
      aria-label="Edit"
      class="ui basic icon button"
      name="edit.start"
      type="button"
    >
      Edit
    </button>
    <button
      aria-controls="id-2"
      aria-expanded="false"
      aria-haspopup="menu"
      class="ui basic icon button"
      type="button"
    >
      <svg
        focusable="false"
        height="1em"
        preserveAspectRatio="xMidYMid meet"
        style="transform: rotate(360deg); vertical-align: -0.125em;"
        viewBox="0 0 64 64"
        width="1em"
        xmlns="http://www.w3.org/2000/svg"
      >
        <path
          d="M24 56a8 8 0 1 0 16 0a8 8 0 1 0-16 0zm0-24a8 8 0 1 0 16 0a8 8 0 1 0-16 0zm0-24a8 8 0 1 0 16 0a8 8 0 1 0-16 0z"
          fill="currentColor"
        />
      </svg>
    </button>
  </td>
</tr>
`;

exports[`Table snapshot tests should show a loading state if the 'data' prop is 'undefined' or 'null' 1`] = `
<body>
  <div>
    <h3>
      Loading
    </h3>
    <p>
      The table component will not blow up if there are no values defined. It will also explicitly show a loading state if the data attribute is undefined (or null).
    </p>
    <div
      class="ui loading segment"
      style="height: 10em;"
    />
  </div>
</body>
`;

exports[`Table snapshot tests should show an empty state if data is defined but has a length of 0 1`] = `
<body>
  <div>
    <h3>
      Empty
    </h3>
    <p>
      If a table gets an empty array, that should be treated different from undefined or null. An empty array should mean that there are no records and we should indicate this to users in the table itself.
    </p>
    <div
      class="ui segment"
      style="height: 10em;"
    >
      <em>
        No data...
      </em>
    </div>
  </div>
</body>
`;

exports[`Table snapshot tests with actions 1`] = `
<tr
  class="Row"
>
  <td
    class="Cell"
  >
    <div
      class="Text"
    >
      <span>
        <span
          class="Text"
        >
          1a180380-fc30-4117-ae79-dac13fc0ef38
        </span>
      </span>
    </div>
  </td>
  <td
    class="Cell"
  >
    <div
      class="Text"
    >
      <span>
        <span
          class="Text"
        >
          001Ruben01_Sync
        </span>
      </span>
    </div>
  </td>
  <td
    class="Cell"
  >
    <div
      class="Checkbox"
    >
      <span>
        <span
          class="Input"
          data-checked="true"
        />
      </span>
    </div>
  </td>
  <td
    class="Cell"
  >
    <div
      class="Checkbox"
    >
      <span>
        <span
          class="Input"
          data-checked="true"
        />
      </span>
    </div>
  </td>
  <td
    class="Cell"
  >
    <div
      class="Email"
    >
      <span>
        <span
          aria-label="Created by"
          class="Input"
        >
          test@espressive.com
        </span>
      </span>
    </div>
  </td>
  <td
    class="Cell"
  >
    <div
      class="Text"
    >
      <span>
        <span
          class="Text"
        >
          2021-03-31T17:29:28.162758Z
        </span>
      </span>
    </div>
  </td>
  <td
    class="CellActions"
  >
    <button
      aria-label="Edit"
      class="ui basic icon button"
      name="edit.start"
      type="button"
    >
      Edit
    </button>
    <button
      aria-controls="id-2"
      aria-expanded="false"
      aria-haspopup="menu"
      class="ui basic icon button"
      type="button"
    >
      <svg
        focusable="false"
        height="1em"
        preserveAspectRatio="xMidYMid meet"
        style="transform: rotate(360deg); vertical-align: -0.125em;"
        viewBox="0 0 64 64"
        width="1em"
        xmlns="http://www.w3.org/2000/svg"
      >
        <path
          d="M24 56a8 8 0 1 0 16 0a8 8 0 1 0-16 0zm0-24a8 8 0 1 0 16 0a8 8 0 1 0-16 0zm0-24a8 8 0 1 0 16 0a8 8 0 1 0-16 0z"
          fill="currentColor"
        />
      </svg>
    </button>
  </td>
</tr>
`;

exports[`Table snapshot tests with deprecated props 1`] = `
<tr
  class="Row"
>
  <td
    class="Cell"
  >
    <div
      class="Text"
    >
      <span>
        <span
          class="Text"
        >
          1a180380-fc30-4117-ae79-dac13fc0ef38
        </span>
      </span>
    </div>
  </td>
  <td
    class="Cell"
  >
    <div
      class="Text"
    >
      <span>
        <span
          class="Text"
        >
          001Ruben01_Sync
        </span>
      </span>
    </div>
  </td>
  <td
    class="Cell"
  >
    <div
      class="Checkbox"
    >
      <span>
        <span
          class="Input"
          data-checked="true"
        />
      </span>
    </div>
  </td>
  <td
    class="Cell"
  >
    <div
      class="Checkbox"
    >
      <span>
        <span
          class="Input"
          data-checked="true"
        />
      </span>
    </div>
  </td>
  <td
    class="Cell"
  >
    <div
      class="Email"
    >
      <span>
        <span
          aria-label="Created by"
          class="Input"
        >
          test@espressive.com
        </span>
      </span>
    </div>
  </td>
  <td
    class="Cell"
  >
    <div
      class="Text"
    >
      <span>
        <span
          class="Text"
        >
          2021-03-31T17:29:28.162758Z
        </span>
      </span>
    </div>
  </td>
  <td
    class="CellActions"
  >
    <button
      aria-label="Edit"
      class="ui basic icon button"
      name="edit.start"
      type="button"
    >
      Edit
    </button>
    <button
      aria-controls="id-2"
      aria-expanded="false"
      aria-haspopup="menu"
      class="ui basic icon button"
      type="button"
    >
      <svg
        focusable="false"
        height="1em"
        preserveAspectRatio="xMidYMid meet"
        style="transform: rotate(360deg); vertical-align: -0.125em;"
        viewBox="0 0 64 64"
        width="1em"
        xmlns="http://www.w3.org/2000/svg"
      >
        <path
          d="M24 56a8 8 0 1 0 16 0a8 8 0 1 0-16 0zm0-24a8 8 0 1 0 16 0a8 8 0 1 0-16 0zm0-24a8 8 0 1 0 16 0a8 8 0 1 0-16 0z"
          fill="currentColor"
        />
      </svg>
    </button>
  </td>
</tr>
`;

exports[`Table snapshot tests without <ActionBar /> 1`] = `
<tr
  class="Row"
>
  <td
    class="Cell"
  >
    <div
      class="Text"
    >
      <span>
        <span
          class="Text"
        >
          1a180380-fc30-4117-ae79-dac13fc0ef38
        </span>
      </span>
    </div>
  </td>
  <td
    class="Cell"
  >
    <div
      class="Text"
    >
      <span>
        <span
          class="Text"
        >
          001Ruben01_Sync
        </span>
      </span>
    </div>
  </td>
  <td
    class="Cell"
  >
    <div
      class="Checkbox"
    >
      <span>
        <span
          class="Input"
          data-checked="true"
        />
      </span>
    </div>
  </td>
  <td
    class="Cell"
  >
    <div
      class="Checkbox"
    >
      <span>
        <span
          class="Input"
          data-checked="true"
        />
      </span>
    </div>
  </td>
  <td
    class="Cell"
  >
    <div
      class="Email"
    >
      <span>
        <span
          aria-label="Created by"
          class="Input"
        >
          test@espressive.com
        </span>
      </span>
    </div>
  </td>
  <td
    class="Cell"
  >
    <div
      class="Text"
    >
      <span>
        <span
          class="Text"
        >
          2021-03-31T17:29:28.162758Z
        </span>
      </span>
    </div>
  </td>
  <td
    class="CellActions"
  >
    <button
      aria-label="Edit"
      class="ui basic icon button"
      name="edit.start"
      type="button"
    >
      Edit
    </button>
    <button
      class="ui basic button"
      name="viewInFAQ"
      type="button"
    >
      View
    </button>
  </td>
</tr>
`;

exports[`Table snapshot tests without actions 1`] = `
<tr
  class="Row"
>
  <td
    class="Cell"
  >
    <div
      class="Text"
    >
      <span>
        <span
          class="Text"
        >
          1a180380-fc30-4117-ae79-dac13fc0ef38
        </span>
      </span>
    </div>
  </td>
  <td
    class="Cell"
  >
    <div
      class="Text"
    >
      <span>
        <span
          class="Text"
        >
          001Ruben01_Sync
        </span>
      </span>
    </div>
  </td>
  <td
    class="Cell"
  >
    <div
      class="Checkbox"
    >
      <span>
        <span
          class="Input"
          data-checked="true"
        />
      </span>
    </div>
  </td>
  <td
    class="Cell"
  >
    <div
      class="Checkbox"
    >
      <span>
        <span
          class="Input"
          data-checked="true"
        />
      </span>
    </div>
  </td>
  <td
    class="Cell"
  >
    <div
      class="Email"
    >
      <span>
        <span
          aria-label="Created by"
          class="Input"
        >
          test@espressive.com
        </span>
      </span>
    </div>
  </td>
  <td
    class="Cell"
  >
    <div
      class="Text"
    >
      <span>
        <span
          class="Text"
        >
          2021-03-31T17:29:28.162758Z
        </span>
      </span>
    </div>
  </td>
</tr>
`;
