// Jest Snapshot v1, https://goo.gl/fbAQLP

exports[`Button default renders without any props 1`] = `
<div>
  <button
    class="basic ui button"
    type="button"
  >
    Default Content
  </button>
</div>
`;
