// Jest Snapshot v1, https://goo.gl/fbAQLP

exports[`Input Month default renders without any props 1`] = `
<div>
  <div
    class="Text"
  >
    <span>
      <span
        class="Input"
        data-testid="default"
      />
    </span>
  </div>
</div>
`;
