// Jest Snapshot v1, https://goo.gl/fbAQLP

exports[`Table snapshot tests actions with non-existent module 1`] = `
<tr
  class="Row"
>
  <td
    class="Cell"
  >
    <span>
      <div
        class="Text"
      >
        <span
          aria-label="eID"
          class="Input"
        >
          1a180380-fc30-4117-ae79-dac13fc0ef38
        </span>
      </div>
    </span>
  </td>
  <td
    class="Cell"
  >
    <span>
      <div
        class="Text"
      >
        <span
          aria-label="Name"
          class="Input"
        >
          001Ruben01_Sync
        </span>
      </div>
    </span>
  </td>
  <td
    class="Cell"
  >
    <span>
      <div
        class="Checkbox"
      >
        <span
          aria-label="Protected"
          class="Input"
          data-checked="true"
        />
      </div>
    </span>
  </td>
  <td
    class="Cell"
  >
    <span>
      <div
        class="Checkbox"
      >
        <span
          aria-label="ELC"
          class="Input"
          data-checked="true"
        />
      </div>
    </span>
  </td>
  <td
    class="Cell"
  >
    <span>
      <div
        class="Email"
      >
        <span
          aria-label="Created by"
          class="Input"
        >
          test@espressive.com
        </span>
      </div>
    </span>
  </td>
  <td
    class="Cell"
  >
    <span>
      <div
        class="Text"
      >
        <span
          aria-label="Created at"
          class="Input"
        >
          2021-03-31T17:29:28.162758Z
        </span>
      </div>
    </span>
  </td>
  <td
    class="CellActions"
  >
    <button
      aria-label="Edit"
      class="ui basic icon button"
      name="edit.start"
      type="button"
    >
      Edit
    </button>
    <div
      class="Error"
      data-testid="module-error"
    >
      tequila is not a valid value for module. Try using one of [button, edit]
    </div>
    <button
      aria-controls="id-2"
      aria-expanded="false"
      aria-haspopup="menu"
      class="ui basic icon button"
      type="button"
    >
      <svg
        focusable="false"
        height="1em"
        preserveAspectRatio="xMidYMid meet"
        style="transform: rotate(360deg); vertical-align: -0.143em;"
        viewBox="0 0 140 140"
        width="1em"
        xmlns="http://www.w3.org/2000/svg"
      >
        <path
          d="M52.5 122.5a17.5 17.5 0 1 0 35 0a17.5 17.5 0 1 0-35 0zm0-52.5a17.5 17.5 0 1 0 35 0a17.5 17.5 0 1 0-35 0zm0-52.5a17.5 17.5 0 1 0 35 0a17.5 17.5 0 1 0-35 0z"
          fill="currentColor"
        />
      </svg>
    </button>
  </td>
</tr>
`;

exports[`Table snapshot tests conditional actions 1`] = `
<tr
  class="Row"
>
  <td
    class="Cell"
  >
    <span>
      <div
        class="Text"
      >
        <span
          aria-label="eID"
          class="Input"
        >
          1a180380-fc30-4117-ae79-dac13fc0ef38
        </span>
      </div>
    </span>
  </td>
  <td
    class="Cell"
  >
    <span>
      <div
        class="Text"
      >
        <span
          aria-label="Name"
          class="Input"
        >
          001Ruben01_Sync
        </span>
      </div>
    </span>
  </td>
  <td
    class="Cell"
  >
    <span>
      <div
        class="Checkbox"
      >
        <span
          aria-label="Protected"
          class="Input"
          data-checked="true"
        />
      </div>
    </span>
  </td>
  <td
    class="Cell"
  >
    <span>
      <div
        class="Checkbox"
      >
        <span
          aria-label="ELC"
          class="Input"
          data-checked="true"
        />
      </div>
    </span>
  </td>
  <td
    class="Cell"
  >
    <span>
      <div
        class="Email"
      >
        <span
          aria-label="Created by"
          class="Input"
        >
          test@espressive.com
        </span>
      </div>
    </span>
  </td>
  <td
    class="Cell"
  >
    <span>
      <div
        class="Text"
      >
        <span
          aria-label="Created at"
          class="Input"
        >
          2021-03-31T17:29:28.162758Z
        </span>
      </div>
    </span>
  </td>
  <td
    class="CellActions"
  >
    <button
      aria-label="Edit"
      class="ui basic icon button"
      name="edit.start"
      type="button"
    >
      Edit
    </button>
  </td>
</tr>
`;

exports[`Table snapshot tests dataDisplay with non-existent module 1`] = `
<tr
  class="Row"
>
  <td
    class="Cell"
  >
    <span>
      <div
        class="Text"
      >
        <span
          aria-label="eID"
          class="Input"
        >
          1a180380-fc30-4117-ae79-dac13fc0ef38
        </span>
      </div>
    </span>
  </td>
  <td
    class="Cell"
  >
    <span>
      <div
        class="Text"
      >
        <span
          aria-label="Name"
          class="Input"
        >
          001Ruben01_Sync
        </span>
      </div>
    </span>
  </td>
  <td
    class="Cell"
  >
    <span>
      <div
        class="Checkbox"
      >
        <span
          aria-label="Protected"
          class="Input"
          data-checked="true"
        />
      </div>
    </span>
  </td>
  <td
    class="Cell"
  >
    <span>
      <div
        class="Checkbox"
      >
        <span
          aria-label="ELC"
          class="Input"
          data-checked="true"
        />
      </div>
    </span>
  </td>
  <td
    class="Cell"
  >
    <span>
      <div
        class="Email"
      >
        <span
          aria-label="Created by"
          class="Input"
        >
          test@espressive.com
        </span>
      </div>
    </span>
  </td>
  <td
    class="Cell"
  >
    <span>
      <div
        class="Text"
      >
        <span
          aria-label="Created at"
          class="Input"
        >
          2021-03-31T17:29:28.162758Z
        </span>
      </div>
    </span>
  </td>
  <td
    class="Cell"
  >
    <div
      class="Error"
      data-testid="module-error"
    >
      unknownModule is not a valid value for module. Try using one of [checkbox, email, json, number, radio, select, text, textarea]
    </div>
  </td>
  <td
    class="CellActions"
  >
    <button
      aria-label="Edit"
      class="ui basic icon button"
      name="edit.start"
      type="button"
    >
      Edit
    </button>
    <button
      aria-controls="id-2"
      aria-expanded="false"
      aria-haspopup="menu"
      class="ui basic icon button"
      type="button"
    >
      <svg
        focusable="false"
        height="1em"
        preserveAspectRatio="xMidYMid meet"
        style="transform: rotate(360deg); vertical-align: -0.143em;"
        viewBox="0 0 140 140"
        width="1em"
        xmlns="http://www.w3.org/2000/svg"
      >
        <path
          d="M52.5 122.5a17.5 17.5 0 1 0 35 0a17.5 17.5 0 1 0-35 0zm0-52.5a17.5 17.5 0 1 0 35 0a17.5 17.5 0 1 0-35 0zm0-52.5a17.5 17.5 0 1 0 35 0a17.5 17.5 0 1 0-35 0z"
          fill="currentColor"
        />
      </svg>
    </button>
  </td>
</tr>
`;

exports[`Table snapshot tests should show a loading state if the 'data' prop is 'undefined' or 'null' 1`] = `
<body>
  <div>
    <h3>
      Loading
    </h3>
    <p>
      The table component will not blow up if there are no values defined. It will also explicitly show a loading state if the data attribute is undefined (or null).
    </p>
    <div
      class="ui segment"
      style="height: 10em;"
    >
      <div
        class="ui active inverted dimmer"
      >
        <div
          class="ui text loader"
        >
          Loading
        </div>
      </div>
    </div>
  </div>
</body>
`;

exports[`Table snapshot tests should show an empty state if data is defined but has a length of 0 1`] = `
<body>
  <div>
    <h3>
      Empty
    </h3>
    <p>
      If a table gets an empty array, that should be treated different from undefined or null. An empty array should mean that there are no records and we should indicate this to users in the table itself.
    </p>
    <div
      class="ui placeholder segment"
      style="align-items: center; display: flex; height: 10em; justify-content: center;"
    >
      <em>
        No data...
      </em>
    </div>
  </div>
</body>
`;

exports[`Table snapshot tests with actions 1`] = `
<tr
  class="Row"
>
  <td
    class="Cell"
  >
    <span>
      <div
        class="Text"
      >
        <span
          aria-label="eID"
          class="Input"
        >
          1a180380-fc30-4117-ae79-dac13fc0ef38
        </span>
      </div>
    </span>
  </td>
  <td
    class="Cell"
  >
    <span>
      <div
        class="Text"
      >
        <span
          aria-label="Name"
          class="Input"
        >
          001Ruben01_Sync
        </span>
      </div>
    </span>
  </td>
  <td
    class="Cell"
  >
    <span>
      <div
        class="Checkbox"
      >
        <span
          aria-label="Protected"
          class="Input"
          data-checked="true"
        />
      </div>
    </span>
  </td>
  <td
    class="Cell"
  >
    <span>
      <div
        class="Checkbox"
      >
        <span
          aria-label="ELC"
          class="Input"
          data-checked="true"
        />
      </div>
    </span>
  </td>
  <td
    class="Cell"
  >
    <span>
      <div
        class="Email"
      >
        <span
          aria-label="Created by"
          class="Input"
        >
          test@espressive.com
        </span>
      </div>
    </span>
  </td>
  <td
    class="Cell"
  >
    <span>
      <div
        class="Text"
      >
        <span
          aria-label="Created at"
          class="Input"
        >
          2021-03-31T17:29:28.162758Z
        </span>
      </div>
    </span>
  </td>
  <td
    class="CellActions"
  >
    <button
      aria-label="Edit"
      class="ui basic icon button"
      name="edit.start"
      type="button"
    >
      Edit
    </button>
    <button
      aria-controls="id-2"
      aria-expanded="false"
      aria-haspopup="menu"
      class="ui basic icon button"
      type="button"
    >
      <svg
        focusable="false"
        height="1em"
        preserveAspectRatio="xMidYMid meet"
        style="transform: rotate(360deg); vertical-align: -0.143em;"
        viewBox="0 0 140 140"
        width="1em"
        xmlns="http://www.w3.org/2000/svg"
      >
        <path
          d="M52.5 122.5a17.5 17.5 0 1 0 35 0a17.5 17.5 0 1 0-35 0zm0-52.5a17.5 17.5 0 1 0 35 0a17.5 17.5 0 1 0-35 0zm0-52.5a17.5 17.5 0 1 0 35 0a17.5 17.5 0 1 0-35 0z"
          fill="currentColor"
        />
      </svg>
    </button>
  </td>
</tr>
`;

exports[`Table snapshot tests with deprecated props 1`] = `
<tr
  class="Row"
>
  <td
    class="Cell"
  >
    <span>
      <div
        class="Text"
      >
        <span
          aria-label="eID"
          class="Input"
        >
          1a180380-fc30-4117-ae79-dac13fc0ef38
        </span>
      </div>
    </span>
  </td>
  <td
    class="Cell"
  >
    <span>
      <div
        class="Text"
      >
        <span
          aria-label="Name"
          class="Input"
        >
          001Ruben01_Sync
        </span>
      </div>
    </span>
  </td>
  <td
    class="Cell"
  >
    <span>
      <div
        class="Checkbox"
      >
        <span
          aria-label="Protected"
          class="Input"
          data-checked="true"
        />
      </div>
    </span>
  </td>
  <td
    class="Cell"
  >
    <span>
      <div
        class="Checkbox"
      >
        <span
          aria-label="ELC"
          class="Input"
          data-checked="true"
        />
      </div>
    </span>
  </td>
  <td
    class="Cell"
  >
    <span>
      <div
        class="Email"
      >
        <span
          aria-label="Created by"
          class="Input"
        >
          test@espressive.com
        </span>
      </div>
    </span>
  </td>
  <td
    class="Cell"
  >
    <span>
      <div
        class="Text"
      >
        <span
          aria-label="Created at"
          class="Input"
        >
          2021-03-31T17:29:28.162758Z
        </span>
      </div>
    </span>
  </td>
  <td
    class="CellActions"
  >
    <button
      aria-label="Edit"
      class="ui basic icon button"
      name="edit.start"
      type="button"
    >
      Edit
    </button>
    <button
      aria-controls="id-2"
      aria-expanded="false"
      aria-haspopup="menu"
      class="ui basic icon button"
      type="button"
    >
      <svg
        focusable="false"
        height="1em"
        preserveAspectRatio="xMidYMid meet"
        style="transform: rotate(360deg); vertical-align: -0.143em;"
        viewBox="0 0 140 140"
        width="1em"
        xmlns="http://www.w3.org/2000/svg"
      >
        <path
          d="M52.5 122.5a17.5 17.5 0 1 0 35 0a17.5 17.5 0 1 0-35 0zm0-52.5a17.5 17.5 0 1 0 35 0a17.5 17.5 0 1 0-35 0zm0-52.5a17.5 17.5 0 1 0 35 0a17.5 17.5 0 1 0-35 0z"
          fill="currentColor"
        />
      </svg>
    </button>
  </td>
</tr>
`;

exports[`Table snapshot tests without <ActionBar /> 1`] = `
<tr
  class="Row"
>
  <td
    class="Cell"
  >
    <span>
      <div
        class="Text"
      >
        <span
          aria-label="eID"
          class="Input"
        >
          1a180380-fc30-4117-ae79-dac13fc0ef38
        </span>
      </div>
    </span>
  </td>
  <td
    class="Cell"
  >
    <span>
      <div
        class="Text"
      >
        <span
          aria-label="Name"
          class="Input"
        >
          001Ruben01_Sync
        </span>
      </div>
    </span>
  </td>
  <td
    class="Cell"
  >
    <span>
      <div
        class="Checkbox"
      >
        <span
          aria-label="Protected"
          class="Input"
          data-checked="true"
        />
      </div>
    </span>
  </td>
  <td
    class="Cell"
  >
    <span>
      <div
        class="Checkbox"
      >
        <span
          aria-label="ELC"
          class="Input"
          data-checked="true"
        />
      </div>
    </span>
  </td>
  <td
    class="Cell"
  >
    <span>
      <div
        class="Email"
      >
        <span
          aria-label="Created by"
          class="Input"
        >
          test@espressive.com
        </span>
      </div>
    </span>
  </td>
  <td
    class="Cell"
  >
    <span>
      <div
        class="Text"
      >
        <span
          aria-label="Created at"
          class="Input"
        >
          2021-03-31T17:29:28.162758Z
        </span>
      </div>
    </span>
  </td>
  <td
    class="CellActions"
  >
    <button
      aria-label="Edit"
      class="ui basic icon button"
      name="edit.start"
      type="button"
    >
      Edit
    </button>
    <button
      class="ui basic button"
      name="viewInFAQ"
      type="button"
    >
      View
    </button>
  </td>
</tr>
`;

exports[`Table snapshot tests without actions 1`] = `
<tr
  class="Row"
>
  <td
    class="Cell"
  >
    <span>
      <div
        class="Text"
      >
        <span
          aria-label="eID"
          class="Input"
        >
          1a180380-fc30-4117-ae79-dac13fc0ef38
        </span>
      </div>
    </span>
  </td>
  <td
    class="Cell"
  >
    <span>
      <div
        class="Text"
      >
        <span
          aria-label="Name"
          class="Input"
        >
          001Ruben01_Sync
        </span>
      </div>
    </span>
  </td>
  <td
    class="Cell"
  >
    <span>
      <div
        class="Checkbox"
      >
        <span
          aria-label="Protected"
          class="Input"
          data-checked="true"
        />
      </div>
    </span>
  </td>
  <td
    class="Cell"
  >
    <span>
      <div
        class="Checkbox"
      >
        <span
          aria-label="ELC"
          class="Input"
          data-checked="true"
        />
      </div>
    </span>
  </td>
  <td
    class="Cell"
  >
    <span>
      <div
        class="Email"
      >
        <span
          aria-label="Created by"
          class="Input"
        >
          test@espressive.com
        </span>
      </div>
    </span>
  </td>
  <td
    class="Cell"
  >
    <span>
      <div
        class="Text"
      >
        <span
          aria-label="Created at"
          class="Input"
        >
          2021-03-31T17:29:28.162758Z
        </span>
      </div>
    </span>
  </td>
</tr>
`;
