// Jest Snapshot v1, https://goo.gl/fbAQLP

exports[`Espressive UI Pagination renders with defaults 1`] = `
<div>
  <div
    class="_"
  >
    <div
      class="ui sub header headerTotals fontWeightReset"
    >
      100 Total 
      <span
        class="fontWeightReset"
      >
        (Displaying 1 - 10)
      </span>
    </div>
    <div
      class="headerNav"
    >
      <label
        class="label"
        for="itemsPerPageLimit"
      >
        Total per page:
        <div
          aria-disabled="false"
          aria-expanded="false"
          class="ui compact selection dropdown select"
          name="itemsPerPageLimit"
          role="listbox"
          tabindex="0"
        >
          <div
            aria-atomic="true"
            aria-live="polite"
            class="divider text"
            role="alert"
          >
            10
          </div>
          <i
            aria-hidden="true"
            class="dropdown icon"
          />
          <div
            class="menu transition"
          >
            <div
              aria-checked="true"
              aria-selected="true"
              class="active selected item"
              id="10"
              role="option"
              style="pointer-events: all;"
            >
              <span
                class="text"
              >
                10
              </span>
            </div>
            <div
              aria-checked="false"
              aria-selected="false"
              class="item"
              id="25"
              role="option"
              style="pointer-events: all;"
            >
              <span
                class="text"
              >
                25
              </span>
            </div>
            <div
              aria-checked="false"
              aria-selected="false"
              class="item"
              id="50"
              role="option"
              style="pointer-events: all;"
            >
              <span
                class="text"
              >
                50
              </span>
            </div>
            <div
              aria-checked="false"
              aria-selected="false"
              class="item"
              id="75"
              role="option"
              style="pointer-events: all;"
            >
              <span
                class="text"
              >
                75
              </span>
            </div>
            <div
              aria-checked="false"
              aria-selected="false"
              class="item"
              id="all"
              role="option"
              style="pointer-events: all;"
            >
              <span
                class="text"
              >
                All
              </span>
            </div>
          </div>
        </div>
      </label>
      <label
        class="label"
        for="page"
      >
        Page 
        <div
          aria-disabled="false"
          aria-expanded="false"
          class="ui compact selection dropdown select"
          name="page"
          role="listbox"
          tabindex="0"
        >
          <div
            aria-atomic="true"
            aria-live="polite"
            class="divider text"
            role="alert"
          >
            1
          </div>
          <i
            aria-hidden="true"
            class="dropdown icon"
          />
          <div
            class="menu transition"
          >
            <div
              aria-checked="true"
              aria-selected="true"
              class="active selected item"
              id="1"
              role="option"
              style="pointer-events: all;"
            >
              <span
                class="text"
              >
                1
              </span>
            </div>
            <div
              aria-checked="false"
              aria-selected="false"
              class="item"
              id="2"
              role="option"
              style="pointer-events: all;"
            >
              <span
                class="text"
              >
                2
              </span>
            </div>
            <div
              aria-checked="false"
              aria-selected="false"
              class="item"
              id="3"
              role="option"
              style="pointer-events: all;"
            >
              <span
                class="text"
              >
                3
              </span>
            </div>
            <div
              aria-checked="false"
              aria-selected="false"
              class="item"
              id="4"
              role="option"
              style="pointer-events: all;"
            >
              <span
                class="text"
              >
                4
              </span>
            </div>
            <div
              aria-checked="false"
              aria-selected="false"
              class="item"
              id="5"
              role="option"
              style="pointer-events: all;"
            >
              <span
                class="text"
              >
                5
              </span>
            </div>
            <div
              aria-checked="false"
              aria-selected="false"
              class="item"
              id="6"
              role="option"
              style="pointer-events: all;"
            >
              <span
                class="text"
              >
                6
              </span>
            </div>
            <div
              aria-checked="false"
              aria-selected="false"
              class="item"
              id="7"
              role="option"
              style="pointer-events: all;"
            >
              <span
                class="text"
              >
                7
              </span>
            </div>
            <div
              aria-checked="false"
              aria-selected="false"
              class="item"
              id="8"
              role="option"
              style="pointer-events: all;"
            >
              <span
                class="text"
              >
                8
              </span>
            </div>
            <div
              aria-checked="false"
              aria-selected="false"
              class="item"
              id="9"
              role="option"
              style="pointer-events: all;"
            >
              <span
                class="text"
              >
                9
              </span>
            </div>
            <div
              aria-checked="false"
              aria-selected="false"
              class="item"
              id="10"
              role="option"
              style="pointer-events: all;"
            >
              <span
                class="text"
              >
                10
              </span>
            </div>
          </div>
        </div>
         of 10 
      </label>
    </div>
    <button
      class="ui basic icon disabled button headerBackButton"
      disabled=""
      name="backward"
      tabindex="-1"
    >
      <i
        aria-hidden="true"
        class="chevron left icon"
      />
    </button>
    <button
      class="ui basic icon button headerFrwdButton"
      name="forward"
    >
      <i
        aria-hidden="true"
        class="chevron right icon"
      />
    </button>
    <div
      class="content"
    >
      <table
        class="ui celled padded table"
        style="padding-top: 0px;"
      >
        <thead
          class=""
        >
          <tr
            class=""
          >
            <th
              class=""
            >
              id
            </th>
            <th
              class=""
            >
              first_name
            </th>
            <th
              class=""
            >
              last_name
            </th>
            <th
              class=""
            >
              email
            </th>
            <th
              class=""
            >
              job_title
            </th>
            <th
              class=""
            >
              avatar
            </th>
          </tr>
        </thead>
        <tbody
          class=""
        >
          <tr
            class=""
          >
            <td
              class=""
            >
              1
            </td>
            <td
              class=""
            >
              Willie
            </td>
            <td
              class=""
            >
              Coalbran
            </td>
            <td
              class=""
            >
              wcoalbran0@jalbum.net
            </td>
            <td
              class=""
            >
              Administrative Officer
            </td>
            <td
              class=""
            >
              <img
                alt="employee"
                src="data:image/png;base64,iVBORw0KGgoAAAANSUhEUgAAABAAAAAQCAYAAAAf8/9hAAAABGdBTUEAAK/INwWK6QAAABl0RVh0U29mdHdhcmUAQWRvYmUgSW1hZ2VSZWFkeXHJZTwAAAElSURBVDjL3dM9SgNRFAXgM/kxPjQRLQIWFoHZTSAuwNbOeiCNbsBmQBBEmyCCLsJCQbEVwcI0KUxpKZlJ7jnXwomNipFg41nA9947977I3TFPSpgzfwOc3Y3D6W3eB4C9i2F/9/w5/AogPTEhBgDJY8qTmYHeTd4yedf4Xq4kkOomvUFrJsDo6fpKKUwBk2NjrRKMSn8ETq6zdiNEnUYtwhQghVAGVpfKnZ2jp/a3wPFVFoye1msRcgNM0xsJrxmxWAbMlG4fPIYvAaMnzXoprpYBo4MqnmDCaCyYEc1GNTYq+QQcXo5aRu8uL0SYFKdT04kQ2ZgY5QLkINXd2r//KLRSFJVSCA/DCeiABKhYcaMweMkgCpRD7kHyFMAmAET/9C/8Jm9+37CM1tkN3AAAAABJRU5ErkJggg=="
              />
            </td>
          </tr>
          <tr
            class=""
          >
            <td
              class=""
            >
              2
            </td>
            <td
              class=""
            >
              Padraig
            </td>
            <td
              class=""
            >
              Ruscoe
            </td>
            <td
              class=""
            >
              pruscoe1@kickstarter.com
            </td>
            <td
              class=""
            >
              Account Coordinator
            </td>
            <td
              class=""
            >
              <img
                alt="employee"
                src="data:image/png;base64,iVBORw0KGgoAAAANSUhEUgAAABAAAAAQCAYAAAAf8/9hAAAABGdBTUEAAK/INwWK6QAAABl0RVh0U29mdHdhcmUAQWRvYmUgSW1hZ2VSZWFkeXHJZTwAAALkSURBVDjLlZJrSJNRHMaFvtWXvvShT6ltb6Qz1EorZDZv5ZwNJ4UQQYJLnfZhmTJDtthUUpi2UcyELKI0l3My57zkEE2kmszyOi8jLyi75GVaXpr59L4vNBgV0oEH/ud/nud3zuGcAAAB/6OpVsI4pmN63z8O1lPz/QMG4ojNQISQwcM2A1Mxa4yEuy0B7Yog774AezvxhAzOT+gJD7nrz3nTWQxUB+0NKFnQlQS2/hNABpnTJmLLOXQb265u7Dg7sTYohquVg9GacBhkgbLf3r+F02d7zsM9XokfLhM81mtYeRcHpz4UjpZoODriYZIH2v4AkMGjpN4uWTKwMduI7YUX8Fi4WO3n4Kv5Atwdp+EynoKrOxmDVQyvDzBtJJhkcIm86557RArvmgXf7aVwD1yC08zGYls0ZurDsNDEgrOFPEXnZfSUBe/4ABM6Zrd7+Cp2HE+xOSfBpi0TWyMCuHo5mNZGYPxZKD5rCMw2nKCvsWRKQsu9wHkfYPg5Y3Hdnot1uxwfX7LwSRuCscYozJBydkTBomLA+vA4FuoZcHclYq4pBo13jzX5AB8eBddOGWOwMlmC0WY+9NJz0NxPR0WZFHV1dahQFKC7MgLDNQQqSwvpXnmZYkMkEhWy2exDNKWvKmhgqCESy5MSFN9kQ6VSweFwwG63o7e3F9UPCqFWCDFpG6N7/f39tIfH41X6XqGrPGiyVhoBSZEY1pERlEmzkMpLgVAohFqtRnFxMV3zUrjIyMgwUZCCgoI1vz+QeSV0qlQuowFvilhIjI+F2WyG1WpFX18fdDod4jnsPT6ff5ACyOXyLT9AWFhYbk72rQ0KcEeYjIQEDpKSkpCWlkaLquPiLu4JBIJOCpCdnb3qBzhJjtTU1AmlUrmqff1qs7m5GRqNBmKxGBKJhK6pnlarXaY8lNcPQBDEgdjY2HAul/slKyvrW15e3lZ+nmhXduOMR36d5ckX5eySvW1qjfJQ3l9oR6i5wBWqZAAAAABJRU5ErkJggg=="
              />
            </td>
          </tr>
          <tr
            class=""
          >
            <td
              class=""
            >
              3
            </td>
            <td
              class=""
            >
              Robbie
            </td>
            <td
              class=""
            >
              Binnion
            </td>
            <td
              class=""
            >
              rbinnion2@umn.edu
            </td>
            <td
              class=""
            >
              Director of Sales
            </td>
            <td
              class=""
            >
              <img
                alt="employee"
                src="data:image/png;base64,iVBORw0KGgoAAAANSUhEUgAAABAAAAAQCAYAAAAf8/9hAAAABGdBTUEAAK/INwWK6QAAABl0RVh0U29mdHdhcmUAQWRvYmUgSW1hZ2VSZWFkeXHJZTwAAAIMSURBVDjLpVNLaxNRFP6STmaKdFqrgYKWlGLSgoiKCwsKVnFRtBsVUSTNyj/gxv4Bl678AyKCoCulgmtd+W7romgzKT4QMW1G+5hMpnPnnuuZm6ZNawoVBw7n3pn5vvP4zkkopfA/j9F8cafO3FekCjGpIgKIvayftTXOkr71jkz2/UXA4HxXfz72gIx/lBsWSfiVtwiWHK8B3kRQeX/6lmnnkuDAwn0MJSKQEFChQCp9CcHixxgsGWw3B01uRKfx9t1HIP1POpoSdUulLyD0vqO26IAkDW7tgSZYeHPqcmpXxkTChKzOaAKSEdo6jnEWVY5ehFxdHs2cn55rScDR73H6DKyyRWs1R0haGdR+z8YZ3MyMTj9rpUKi/PLkUJuZfmX3nkNYmQBxzYprpyCA2XMRrvNAcdfDhgKkm6ttKTdW6jH4w4RpD/ALAaNzhH2kSwALoSJCd9+VhIqEVVeD4C1MclaOT0Ke0Cowq+X9eLHapLH23f1XreDzI27LfqT2HIfvzsRAyLB2N1coXV8vodUkfn16+HnnvrPDhrmXsxBY+fmOwcVlJh/IFebK207iuqSShg0rjer8B9TcWY7q38nmnRstm7g1gy9PDk2129mjinjy3OIvJjvI4PJ2u7CJgMEdUMmVuA9ShLez14rj/7RMDHzNAzTP/gCDvR2to968NSs9HBxqvu/E/gBCSoxk53STJQAAAABJRU5ErkJggg=="
              />
            </td>
          </tr>
          <tr
            class=""
          >
            <td
              class=""
            >
              4
            </td>
            <td
              class=""
            >
              Leta
            </td>
            <td
              class=""
            >
              O'Dyvoy
            </td>
            <td
              class=""
            >
              lodyvoy3@eventbrite.com
            </td>
            <td
              class=""
            >
              Recruiter
            </td>
            <td
              class=""
            >
              <img
                alt="employee"
                src="data:image/png;base64,iVBORw0KGgoAAAANSUhEUgAAABAAAAAQCAYAAAAf8/9hAAAABGdBTUEAAK/INwWK6QAAABl0RVh0U29mdHdhcmUAQWRvYmUgSW1hZ2VSZWFkeXHJZTwAAAI3SURBVDjLpZNNSJRxEMaf1XVVyA/8iH1fKdEKIzwpSIeCLmkRUaaXSsE6tB3qYLIQeTUMCwqEKNI6hJHRNamwEDSXCENKoaKNNjLCd9PDRuX7f2b+HUSzcLs4t2Hm+Q0zPBOw1mItkbEy6RiP9LSPnuhK19x6r6nn8MDBrlUBHc8iveFsN+rkOJ2nnhy78q+4ZbCp180ri7qFbmfjjb3L9UDH+MlMq9oXznHaNuVvgYjg3dwbJOYT/UKJkAIx0ucUlLVVOVWgJabiU4jPxPtpJBJU1bMqWpuFEFQVFhakgEbqhBKlkUyStUJCrEBVEQxmwfisEyPRgLUWp58e3xgKhBJ1znaoKh6/fYRbjYOBlSscuN5g62vrQSsYjg0j9T1VPnIu9ikDAISyOFUEtITS4sidxtCy+FpDSI2CSlAJYwj68ueIQoEYQixBEYTzwqBh9xLA+Ox2SlwYXazTX4QAQBAASJlZMP6cl/KK8nMLUF5agR+/fp7Zf3V3tVDgFLv1lRsqQCVmkx5SqdQcKTMAEFgyUsvdQ82kDFSUVIbcYhcKC2/egwhRWFAEqkH84wdMTU/7Qjk6cfHV/b8AANB8c99mGukk2bq1fFvm+uJSqAo+f/2CickJEcptGjn/8tLr98s+WM3Key7v2rEuN2+0proGYhWx5zF4yeTOFxcmx/5r5aV42D4y5n1LLvhi4NNg1vMWVhOnBQAAfWarVSgUNJKdri+YFmCIB0NDECMQStpvDKz1nX8D4+Fd1+gIFK0AAAAASUVORK5CYII="
              />
            </td>
          </tr>
          <tr
            class=""
          >
            <td
              class=""
            >
              5
            </td>
            <td
              class=""
            >
              Kimmi
            </td>
            <td
              class=""
            >
              Yesinov
            </td>
            <td
              class=""
            >
              kyesinov4@japanpost.jp
            </td>
            <td
              class=""
            >
              Cost Accountant
            </td>
            <td
              class=""
            >
              <img
                alt="employee"
                src="data:image/png;base64,iVBORw0KGgoAAAANSUhEUgAAABAAAAAQCAYAAAAf8/9hAAAABGdBTUEAAK/INwWK6QAAABl0RVh0U29mdHdhcmUAQWRvYmUgSW1hZ2VSZWFkeXHJZTwAAAIuSURBVDjLpVNNaBNBFP62u8nGhpCU5GAQk67ipaEgFQS9KKipsQcRcmjBmwfP1UtPpgXpyUNuPbRUvNWTJwlNKQihF4sh6x96qK3FtGqwamqTbHZnxplJNy01FcGFx2Nn3ve97703T2GM4X8+7eBBsVh86DjOTdu2Ne7BvbRmsyn8XDqdHulIYJpmkANmQqFQWte7YXEQKIXUx1X29IQwP58b5n9/EpRKpasCHIlEjvn9fqyulSGyU8pAGeVEDISTWZbVuQQenIvFYvKgXm/A5uBX5gtOQNt2JZmSZXQkEDV6vV5Uq9VWZkLQlzgts7Pd7KLZhyoQzISDRJAYipBulpa5JzK7uIsOXf+7glavmAwWBIn+AZndVcEO6UGXq8AlkCQiM2nVXgmsYvZHFnRfXEeCNpjsNU4Qzb6fxsfKJqylOZx/PYPFSx6aT2rr3MbaJQhp7osUkumuZMrPRsPj0Ddz0L8t4sKtu9CNhFJ/mT/+trBwf+GyZ6etQExBVdVW3ftUyLew/BinLt6Ab+UZlEcj6P7wBL3xsMoUNuoqeF4oFM4ahoFAIADfkZ+o1RpynKJ27ftX+I4awLU7e90fj0KlSq/iSs9ms0N8GhPRaPSMceIkgsGwnI6435ocxLlUCv71p7Dqn1Hj8dtVFe9WUFYObmMmk0ly4ANu/e4y9f16gwHPBuJhG1rXJ2xXHKx9UYndYPeUf13npeHY2M7Wxm2VKHGisjJHTQ3mncnfQiCLpXc8FWIAAAAASUVORK5CYII="
              />
            </td>
          </tr>
          <tr
            class=""
          >
            <td
              class=""
            >
              6
            </td>
            <td
              class=""
            >
              Kessia
            </td>
            <td
              class=""
            >
              Volonte
            </td>
            <td
              class=""
            >
              kvolonte5@fc2.com
            </td>
            <td
              class=""
            >
              Information Systems Manager
            </td>
            <td
              class=""
            >
              <img
                alt="employee"
                src="data:image/png;base64,iVBORw0KGgoAAAANSUhEUgAAABAAAAAQCAYAAAAf8/9hAAAABGdBTUEAAK/INwWK6QAAABl0RVh0U29mdHdhcmUAQWRvYmUgSW1hZ2VSZWFkeXHJZTwAAAMoSURBVDjLndPLb5RVHMbx5515pxfnnaadQi9MSykzRSFSqyWjITVoUIMhLmClLky6YcempKBGgitDJEgaIlVjMGkkLkCqIUTjyo7YQs00dYYZpsNoufReaWn7nvM757yX4wJJJBoXfv+AT57NY2it8bBT2fct6aoeodQeoSgplISQYpSE+i6onv2gWr9e/tEbMY6/ZTwETmaO7ZKO+uKZ6q7WoFkBx/BQV7keN6fyuJj7qj9mfJJVjturlNf9+YH40CPAiV+P7tsYSlysDW/AtLqHcTuPoA5gp/U0zl39bKnS3ZeMGC+NJhNWNHdrFbdn7f3nD7cPAkDgw/GjUaHEQJ21EWN2Ean7I7jvrCBR2YL5ubtgjN4L692HttRVROtrKtDWaIFIDbzy9nAUAAJcUk9n9S6rRFPI8wlwV2B9MApLhPBN5sJ4LHj6miDnQKI5jMKMQLSqHG1NEUtw6vkLYHuDoXJk7QKUK1EVsNBe9QRGiz+D1sRBR5p9HZsjQeX4mLqnUJyTaKgNQ5DYCwAmJ7FNGi4CMNBhPYlN5THc+b2EdCl9tjUysIFIdsZqKzFS5ODMA1v1sDUWghTUCgAmI071FevKuiI7MD9zF/1jJ5ckU33Hll87M7GSNn8IP15aWBbbTRjgzIf2fUhlQpEIPljAafKXG8Mdl64PLkqSxw/PNp3fvRR+S/PcxPM8/cKlbb0Q0gPnGsQ81NaEML1gQ0kqPQAYfflt5uv+U1Ntl7esBHs0p7yzudkyir/BX7NBRODCA3ENYbtojj+G4aslOJIuA4A5WOo4qzkd15xOO/GWMifeAt/zYI5lAcYguYSQHoiAzu0RFCbnkcllbM9RfQBgapuZPuNvqp3JMremGuJGHqHGJvg2g2YEKThIeEjEwigUp1HM3YQrRffs0JFFAAiEPj6z6K+xbuNaGsgVEGpohE8cHhE8ElAksMocXEll8FMqNTkzd+vV2aEjF/7xhbWuF1/WQnyq4pta3fp1CPw4Ar3wR/tzO9455ylJrqu+91x1Yj71rv2vZwKA5a1PWZ5UvVqpPb5yktp12xuWZrL4jx4B/k9/AolT0+iTfsOYAAAAAElFTkSuQmCC"
              />
            </td>
          </tr>
          <tr
            class=""
          >
            <td
              class=""
            >
              7
            </td>
            <td
              class=""
            >
              Dulce
            </td>
            <td
              class=""
            >
              Gradwell
            </td>
            <td
              class=""
            >
              dgradwell6@ca.gov
            </td>
            <td
              class=""
            >
              Structural Analysis Engineer
            </td>
            <td
              class=""
            >
              <img
                alt="employee"
                src="data:image/png;base64,iVBORw0KGgoAAAANSUhEUgAAABAAAAAQCAYAAAAf8/9hAAAABGdBTUEAAK/INwWK6QAAABl0RVh0U29mdHdhcmUAQWRvYmUgSW1hZ2VSZWFkeXHJZTwAAAJPSURBVDjLhZPNi1JRGMZv6PwBLQaiqBiIoEV7QQaiaZazrNm0qlkMRJugptpEBNJMtAmapK9lhZ8oKnq5FxQVv7qOX1dRzBxHU8eohc219OrTOVfGSZyxC4cL73nf3/O857yHEUURmUwGqVQKyWQSiUQC8XgcgiAgFovNAmCmLSadTqPf70+sarWqQMLh8FQIQ5VpQaVSUZTL5fIIQmPEBQKBwJEQhlqmyVSNBqLRqNBut9Hr9ZQ4BYZCIXi93kMhDFXdTyTFf4jlSqfTQaPdA78zdFIqleD3+8Hz/ASEocr7lmVZBi3e3etjY2uAJ58BrjLcKxaL1AU8Hs8YhCE9Sq1WS0nqdruoE+X1+ACbGeC1CDzbOoAUCgXqAk6ncwRhIpHIPOlRajabSlK61VOU9QTwPge8yY5D8vk8dQGbzaZAFEowGNSSHqVGo6EkZb/38FToQy8eQNbjALs9hORyOeoCFotldtSLz+fTkh6ler0+AXlLAB/1L8FevwBuYQb8tVNwP74Bk8l0duxESX9ajuOkWq02gugI5MOrTSTuzqPjfI5B1o29T3cQu3VRZhfUtyfulWVZrdvtlugkUohIII7lc5BIMV4sAWvHAd0cWhuX4LmiKh06XS6XS+twOCQ6iRRCbQ8EC/79fj46Ae6yenDkjNvtdg05aYkOGHf1JH69uwmQot/3GPwga3tVBc+iqjr1pVmtVo3ZbJZ43SoiK+flb2tz2H0wgy8rx8AvqWX3ouoh87/najQaNQaD4Uxg+fR9oviV2ib/HVpM9/8Cz3kffqwCPcsAAAAASUVORK5CYII="
              />
            </td>
          </tr>
          <tr
            class=""
          >
            <td
              class=""
            >
              8
            </td>
            <td
              class=""
            >
              Maye
            </td>
            <td
              class=""
            >
              Damsell
            </td>
            <td
              class=""
            >
              mdamsell7@ft.com
            </td>
            <td
              class=""
            >
              Office Assistant II
            </td>
            <td
              class=""
            >
              <img
                alt="employee"
                src="data:image/png;base64,iVBORw0KGgoAAAANSUhEUgAAABAAAAAQCAYAAAAf8/9hAAAABGdBTUEAAK/INwWK6QAAABl0RVh0U29mdHdhcmUAQWRvYmUgSW1hZ2VSZWFkeXHJZTwAAAIgSURBVDjLpVPPaxNBFP6SXZuYZWlsQbQhqRFsD1ahVgUPIuhBEDyKAU+ehB49FQTpQbwKggj+Cx6UgigloJQsqJcWCykppJVqTILi2iRms7szO86baVMFD4U8eMyP975vvvdmJiaEwCAWx4A2MIHpOM/+W0MUMekCQtDIpQdgjINzJqOhnDOEYQiTksfGTvWB1BMhoh3XBDQnkt0xiijGsbZW1ARkvt9WAB3UCRrEd0C7rhUlk7ZU4GkCzRwhlUojmz2DbtdFs1lBLndO7odYXV3A1NR1GIaJ9fW3cN0ttc+YjzhjYZ+ZwJub72WgJ8FnsbHhoNP5gXz+gkquVIrykBEQhvNQKpAE1BSqkzbIWq06qlUHnudicvIyLGsE9XoZtn0YExNXsL1dU7l0KB1kRpGnOquJoIKcc5TLb1TS9PQNZDKnsfToFuIrH+DXpPxhG73zl8BTPkySQfI5D1RTZmYKSloQdKTcURXbevEYhxpfcOLmLBL5k/A+LaJcKiJtSAVUm1YQYHn5+T+d7vvLJ7h4ew7J6jtg6QFSw2kcy42jUfoI0/d91dFEwvrr2vbundae+wvJI3ng2t29Fzh/FAc7ASnwZL2vVWfpdQnhy1Gol0ckpO546gC6K69gLczC9xroSoJ2y0DPGkJsP7+xVMjMD9nWvewoM834V7S/M3xuGjzsifux/X5np5Cb+/3z2x2Dx8a5IWoS9fTqInv4B7QMlwnqx2E+AAAAAElFTkSuQmCC"
              />
            </td>
          </tr>
          <tr
            class=""
          >
            <td
              class=""
            >
              9
            </td>
            <td
              class=""
            >
              Felicia
            </td>
            <td
              class=""
            >
              Moakler
            </td>
            <td
              class=""
            >
              fmoakler8@ucoz.ru
            </td>
            <td
              class=""
            >
              Help Desk Operator
            </td>
            <td
              class=""
            >
              <img
                alt="employee"
                src="data:image/png;base64,iVBORw0KGgoAAAANSUhEUgAAABAAAAAQCAYAAAAf8/9hAAAABGdBTUEAAK/INwWK6QAAABl0RVh0U29mdHdhcmUAQWRvYmUgSW1hZ2VSZWFkeXHJZTwAAAIpSURBVDjLjZNPSFRRFMZ/9707o0SOOshM0x/JFtUmisKBooVEEUThsgi3KS0CN0G2lagWEYkSUdsRWgSFG9sVFAW1EIwQqRZiiDOZY804b967954249hUpB98y/PjO5zzKREBQCm1E0gDPv9XHpgTEQeAiFCDHAmCoBhFkTXGyL8cBIGMjo7eA3YDnog0ALJRFNlSqSTlcrnulZUVWV5elsXFRTHGyMLCgoyNjdUhanCyV9ayOSeIdTgnOCtY43DWYY3j9ulxkskkYRjinCOXy40MDAzcZXCyVzZS38MeKRQKf60EZPXSXInL9y+wLZMkCMs0RR28mJ2grSWJEo+lH9/IpNPE43GKxSLOOYwxpFIpAPTWjiaOtZ+gLdFKlJlD8u00xWP8lO/M5+e5efEB18b70VqjlMJai++vH8qLqoa+nn4+fJmiNNPCvMzQnIjzZuo1V88Ns3/HAcKKwfd9tNZorYnFYuuAMLDMfJ3m+fQznr7L0Vk9zGpLmezB4zx++YggqhAFEZ7n4ft+HVQHVMoB5++cJNWaRrQwMjHM9qCLTFcnJJq59WSIMLAopQDwfR/P8+oAbaqWK2eGSGxpxVrDnvQ+3s++4tPnj4SewYscUdUgIiilcM41/uXZG9kNz9h9aa+EYdjg+hnDwHDq+iGsaXwcZ6XhsdZW+FOqFk0B3caYt4Bic3Ja66NerVACOGttBXCbGbbWrgJW/VbnXbU6e5tMYIH8L54Xq0cq018+AAAAAElFTkSuQmCC"
              />
            </td>
          </tr>
          <tr
            class=""
          >
            <td
              class=""
            >
              10
            </td>
            <td
              class=""
            >
              Elmo
            </td>
            <td
              class=""
            >
              Walbrun
            </td>
            <td
              class=""
            >
              ewalbrun9@google.ru
            </td>
            <td
              class=""
            >
              Budget/Accounting Analyst II
            </td>
            <td
              class=""
            >
              <img
                alt="employee"
                src="data:image/png;base64,iVBORw0KGgoAAAANSUhEUgAAABAAAAAQCAYAAAAf8/9hAAAABGdBTUEAAK/INwWK6QAAABl0RVh0U29mdHdhcmUAQWRvYmUgSW1hZ2VSZWFkeXHJZTwAAAIMSURBVDjLjZO9apVBEIaf2f2iRxMJUfEHFEStBCtRC0sLSzsbEcFCrQQVL0AvQAgkd2FhZyOkNRAsrERQRMFwonDM/35nd/a1OCfHRKI4MEwx7LMvM++YJADM7ARwFIj8O5aAL5IqAJIYQi6klH7mnL2Uot0ypaSZmZlp4BQQJO0AXMo5+9ramtbX10e5vLysXq+nbrerUooWFxc1Ozs7gjRD+TasIcZICIFaK7nCSomkYlAinQydiUlu3rr9IDZjdv/e3ecmaQtwsZQyv9F3Pq8ZH1eNzSzGGzEenA4txw8eYH+ETgNjASb2Npeb7dNZ+A5vfzTkKvYE6EQIDgEjhDGWeqvsC06jwvEjhwEYAR6+/PBo7pshREDkAKVCFQwQYBGMQCdGNot+A57O5ye56noqQgwa0USJRqngMg7vNcZiZLNAJbDSH3zcPFuoU1n2uHWFKDEAi2hw/iCcnTTOTRm1DjbmLlYzpKHypnVdzc5Uv4IJXKIKbpwxrhyz0XzMDEnEGJkM4lAz6DV953TfZX2HiihVXDsZuHLMtvwxMpyZUWvdYcsmuazvCn2XXIPBnRjf6d3toBDCjl5oXbQOrWOtQ3Lx6msdyd6qf+Y2AL3WZcnFpotUxJtuZfqd//XxEFABQip6nQYqLLlIDq2LF5+cO3OZ9z3tdpHV3TcAt23nfHJ4zoH/CweWfgFQJVPOGSHTggAAAABJRU5ErkJggg=="
              />
            </td>
          </tr>
        </tbody>
      </table>
    </div>
    <div
      class="ui sub header footerTotals textTransformReset"
    >
      <span
        class="fontWeightReset"
      >
        Displaying 
      </span>
      1 - 10
      <span
        class="fontWeightReset"
      >
         of 100
      </span>
    </div>
    <div
      class="footerNav"
    >
      <label
        class="label"
        for="itemsPerPageLimit"
      >
        Total per page:
        <div
          aria-disabled="false"
          aria-expanded="false"
          class="ui compact selection dropdown select"
          name="itemsPerPageLimit"
          role="listbox"
          tabindex="0"
        >
          <div
            aria-atomic="true"
            aria-live="polite"
            class="divider text"
            role="alert"
          >
            10
          </div>
          <i
            aria-hidden="true"
            class="dropdown icon"
          />
          <div
            class="menu transition"
          >
            <div
              aria-checked="true"
              aria-selected="true"
              class="active selected item"
              id="10"
              role="option"
              style="pointer-events: all;"
            >
              <span
                class="text"
              >
                10
              </span>
            </div>
            <div
              aria-checked="false"
              aria-selected="false"
              class="item"
              id="25"
              role="option"
              style="pointer-events: all;"
            >
              <span
                class="text"
              >
                25
              </span>
            </div>
            <div
              aria-checked="false"
              aria-selected="false"
              class="item"
              id="50"
              role="option"
              style="pointer-events: all;"
            >
              <span
                class="text"
              >
                50
              </span>
            </div>
            <div
              aria-checked="false"
              aria-selected="false"
              class="item"
              id="75"
              role="option"
              style="pointer-events: all;"
            >
              <span
                class="text"
              >
                75
              </span>
            </div>
            <div
              aria-checked="false"
              aria-selected="false"
              class="item"
              id="all"
              role="option"
              style="pointer-events: all;"
            >
              <span
                class="text"
              >
                All
              </span>
            </div>
          </div>
        </div>
      </label>
      <label
        class="label"
        for="page"
      >
        Page 
        <div
          aria-disabled="false"
          aria-expanded="false"
          class="ui compact selection dropdown select"
          name="page"
          role="listbox"
          tabindex="0"
        >
          <div
            aria-atomic="true"
            aria-live="polite"
            class="divider text"
            role="alert"
          >
            1
          </div>
          <i
            aria-hidden="true"
            class="dropdown icon"
          />
          <div
            class="menu transition"
          >
            <div
              aria-checked="true"
              aria-selected="true"
              class="active selected item"
              id="1"
              role="option"
              style="pointer-events: all;"
            >
              <span
                class="text"
              >
                1
              </span>
            </div>
            <div
              aria-checked="false"
              aria-selected="false"
              class="item"
              id="2"
              role="option"
              style="pointer-events: all;"
            >
              <span
                class="text"
              >
                2
              </span>
            </div>
            <div
              aria-checked="false"
              aria-selected="false"
              class="item"
              id="3"
              role="option"
              style="pointer-events: all;"
            >
              <span
                class="text"
              >
                3
              </span>
            </div>
            <div
              aria-checked="false"
              aria-selected="false"
              class="item"
              id="4"
              role="option"
              style="pointer-events: all;"
            >
              <span
                class="text"
              >
                4
              </span>
            </div>
            <div
              aria-checked="false"
              aria-selected="false"
              class="item"
              id="5"
              role="option"
              style="pointer-events: all;"
            >
              <span
                class="text"
              >
                5
              </span>
            </div>
            <div
              aria-checked="false"
              aria-selected="false"
              class="item"
              id="6"
              role="option"
              style="pointer-events: all;"
            >
              <span
                class="text"
              >
                6
              </span>
            </div>
            <div
              aria-checked="false"
              aria-selected="false"
              class="item"
              id="7"
              role="option"
              style="pointer-events: all;"
            >
              <span
                class="text"
              >
                7
              </span>
            </div>
            <div
              aria-checked="false"
              aria-selected="false"
              class="item"
              id="8"
              role="option"
              style="pointer-events: all;"
            >
              <span
                class="text"
              >
                8
              </span>
            </div>
            <div
              aria-checked="false"
              aria-selected="false"
              class="item"
              id="9"
              role="option"
              style="pointer-events: all;"
            >
              <span
                class="text"
              >
                9
              </span>
            </div>
            <div
              aria-checked="false"
              aria-selected="false"
              class="item"
              id="10"
              role="option"
              style="pointer-events: all;"
            >
              <span
                class="text"
              >
                10
              </span>
            </div>
          </div>
        </div>
         of 10 
      </label>
    </div>
    <button
      class="ui basic icon disabled button footerBackButton"
      disabled=""
      name="backward"
      tabindex="-1"
    >
      <i
        aria-hidden="true"
        class="chevron left icon"
      />
    </button>
    <button
      class="ui basic icon button footerFrwdButton"
      name="forward"
    >
      <i
        aria-hidden="true"
        class="chevron right icon"
      />
    </button>
    <div
      class="mobileHeader"
    >
      <div
        class="ui sub header undefined fontWeightReset"
      >
        100 Total 
        <br />
        <span
          class="fontWeightReset"
        >
          (Displaying 1 - 10)
        </span>
      </div>
    </div>
    <div
      class="mobileFooter"
    >
      <div
        class="ui sub header undefined textTransformReset"
      >
        <span
          class="fontWeightReset"
        >
          Displaying 
        </span>
        1 - 10
        <span
          class="fontWeightReset"
        >
           of 100
        </span>
      </div>
    </div>
  </div>
</div>
`;
