// Jest Snapshot v1, https://goo.gl/fbAQLP

exports[`DataPassword display snapshot 1`] = `
<div>
  <div
    class="Text"
  >
    <span>
      <span
        class="LabelText"
      >
        Display
      </span>
      <span
        aria-label="Display"
        class="Password"
      >
        ******
      </span>
    </span>
  </div>
</div>
`;

exports[`DataPassword editing snapshot 1`] = `
<div>
  <div
    class="Text"
  >
    <label
      for="Editing"
    >
      <span
        class="LabelText"
      >
        Editing
      </span>
      <input
        class="Password"
        id="Editing"
        name="Editing"
        type="password"
        value="mypassword"
      />
    </label>
  </div>
</div>
`;
