// Jest Snapshot v1, https://goo.gl/fbAQLP

exports[`Button default renders without any props 1`] = `
<div>
  <button
    class="_ basic"
    data-testid="default"
    type="button"
  >
    test
  </button>
</div>
`;
