// Jest Snapshot v1, https://goo.gl/fbAQLP

exports[`<Columns /> snapshot tests 1`] = `
<div>
  <p>
    This example shows the columns component without a \`count\` prop. That is, with default props.
  </p>
  <div
    class="_"
    data-component="Columns"
  >
    <div>
      Column 1
    </div>
    <div>
      Column 2
    </div>
  </div>
</div>
`;

exports[`<Columns /> snapshot tests 2`] = `
<div>
  <p>
    This example shows the columns component with the 
    <b>
      count
    </b>
     prop set to 3.
    <br />
    Please note that the number of children must be equal to the
     
    <b>
      count
    </b>
     prop, otherwise it will break the layout.
  </p>
  <div
    class="_ fixed"
    data-component="Columns"
    style="column-count: 3;"
  >
    <div>
      Column 1
    </div>
    <div>
      Column 2
    </div>
    <div>
      Column 3
    </div>
  </div>
</div>
`;

exports[`<Columns /> snapshot tests n 1`] = `
<div>
  <div
    class="_ fixed"
    data-component="Columns"
    style="column-count: 3;"
  >
    <div>
      Column 1
    </div>
    <div>
      Column 2
    </div>
    <div>
      Column 3
    </div>
  </div>
</div>
`;

exports[`<Columns /> snapshot tests n 2`] = `
<div>
  <div
    class="_ fixed"
    data-component="Columns"
    style="column-count: 4;"
  >
    <div>
      Column 1
    </div>
    <div>
      Column 2
    </div>
    <div>
      Column 3
    </div>
    <div>
      Column 4
    </div>
  </div>
</div>
`;

exports[`<Columns /> snapshot tests n 3`] = `
<div>
  <div
    class="_ fixed"
    data-component="Columns"
    style="column-count: 5;"
  >
    <div>
      Column 1
    </div>
    <div>
      Column 2
    </div>
    <div>
      Column 3
    </div>
    <div>
      Column 4
    </div>
    <div>
      Column 5
    </div>
  </div>
</div>
`;

exports[`<Columns /> snapshot tests n 4`] = `
<div>
  <div
    class="_ fixed"
    data-component="Columns"
    style="column-count: 6;"
  >
    <div>
      Column 1
    </div>
    <div>
      Column 2
    </div>
    <div>
      Column 3
    </div>
    <div>
      Column 4
    </div>
    <div>
      Column 5
    </div>
    <div>
      Column 6
    </div>
  </div>
</div>
`;

exports[`<Columns /> snapshot tests n 5`] = `
<div>
  <div
    class="_ fixed"
    data-component="Columns"
    style="column-count: 7;"
  >
    <div>
      Column 1
    </div>
    <div>
      Column 2
    </div>
    <div>
      Column 3
    </div>
    <div>
      Column 4
    </div>
    <div>
      Column 5
    </div>
    <div>
      Column 6
    </div>
    <div>
      Column 7
    </div>
  </div>
</div>
`;

exports[`<Columns /> snapshot tests n 6`] = `
<div>
  <div
    class="_ fixed"
    data-component="Columns"
    style="column-count: 8;"
  >
    <div>
      Column 1
    </div>
    <div>
      Column 2
    </div>
    <div>
      Column 3
    </div>
    <div>
      Column 4
    </div>
    <div>
      Column 5
    </div>
    <div>
      Column 6
    </div>
    <div>
      Column 7
    </div>
    <div>
      Column 8
    </div>
  </div>
</div>
`;

exports[`<Columns /> snapshot tests n 7`] = `
<div>
  <div
    class="_ fixed"
    data-component="Columns"
    style="column-count: 9;"
  >
    <div>
      Column 1
    </div>
    <div>
      Column 2
    </div>
    <div>
      Column 3
    </div>
    <div>
      Column 4
    </div>
    <div>
      Column 5
    </div>
    <div>
      Column 6
    </div>
    <div>
      Column 7
    </div>
    <div>
      Column 8
    </div>
    <div>
      Column 9
    </div>
  </div>
</div>
`;

exports[`<Columns /> snapshot tests n 8`] = `
<div>
  <div
    class="_ fixed"
    data-component="Columns"
    style="column-count: 10;"
  >
    <div>
      Column 1
    </div>
    <div>
      Column 2
    </div>
    <div>
      Column 3
    </div>
    <div>
      Column 4
    </div>
    <div>
      Column 5
    </div>
    <div>
      Column 6
    </div>
    <div>
      Column 7
    </div>
    <div>
      Column 8
    </div>
    <div>
      Column 9
    </div>
    <div>
      Column 10
    </div>
  </div>
</div>
`;
