// Jest Snapshot v1, https://goo.gl/fbAQLP

exports[`Table DX should show a loading state if the 'data' prop is 'undefined' or 'null' 1`] = `
<body>
  <div>
    <h3>
      Loading
    </h3>
    <p>
      The table component will not blow up if there are no values defined. It will also explicitly show a loading state if the data attribute is undefined (or null).
    </p>
    <div
      class="ui segment"
      style="height: 10em;"
    >
      <div
        class="ui active inverted dimmer"
      >
        <div
          class="ui text loader"
        >
          Loading
        </div>
      </div>
    </div>
  </div>
</body>
`;

exports[`Table DX should show an empty state if data is defined but has a length of 0 1`] = `
<body>
  <div>
    <h3>
      Empty
    </h3>
    <p>
      If a table gets an empty array, that should be treated different from undefined or null. An empty array should mean that there are no records and we should indicate this to users in the table itself.
    </p>
    <div
      class="ui placeholder segment"
      style="align-items: center; display: flex; height: 10em; justify-content: center;"
    >
      <em>
        No results...
      </em>
    </div>
  </div>
</body>
`;
