// Jest Snapshot v1, https://goo.gl/fbAQLP

exports[`<Rule /> empty snapshot 1`] = `
<div>
  <section
    class="☕️_Section____qiuc5 ☕️_Section____qiuc5"
    data-component="Section"
  >
    <h3
      class="☕️_Title_Title__18epm"
    >
      Required Title
       
    </h3>
    <p>
      Required Body
    </p>
    <div
      class="☕️_Columns____w6xf6 ☕️_Columns_fixed__w6xf6"
      data-component="Columns"
      style="column-count: 2;"
    />
  </section>
</div>
`;

exports[`<Rule /> renders accessible images 1`] = `
Object {
  "asFragment": [Function],
  "baseElement": <body>
    <div>
      <section
        class="☕️_Section____qiuc5 ☕️_Section____qiuc5"
        data-component="Section"
      >
        <h3
          class="☕️_Title_Title__18epm"
        >
          My Rule
           
        </h3>
        <p>
          Required body
        </p>
        <div
          class="☕️_Columns____w6xf6 ☕️_Columns_fixed__w6xf6"
          data-component="Columns"
          style="column-count: 2;"
        >
          <div
            class="Dont"
          >
            <h6>
              Don't Do This
            </h6>
            <img
              alt="Incorrect usage example for: My Rule"
              class="☕️_Image____1q5in "
              src="https://placedog.net/500/500"
            />
          </div>
          <div
            class="Do"
          >
            <h6>
              Do This
            </h6>
            <img
              alt="Correct usage example for: My Rule"
              class="☕️_Image____1q5in "
              src="https://placedog.net/500/500"
            />
          </div>
        </div>
      </section>
    </div>
  </body>,
  "container": <div>
    <section
      class="☕️_Section____qiuc5 ☕️_Section____qiuc5"
      data-component="Section"
    >
      <h3
        class="☕️_Title_Title__18epm"
      >
        My Rule
         
      </h3>
      <p>
        Required body
      </p>
      <div
        class="☕️_Columns____w6xf6 ☕️_Columns_fixed__w6xf6"
        data-component="Columns"
        style="column-count: 2;"
      >
        <div
          class="Dont"
        >
          <h6>
            Don't Do This
          </h6>
          <img
            alt="Incorrect usage example for: My Rule"
            class="☕️_Image____1q5in "
            src="https://placedog.net/500/500"
          />
        </div>
        <div
          class="Do"
        >
          <h6>
            Do This
          </h6>
          <img
            alt="Correct usage example for: My Rule"
            class="☕️_Image____1q5in "
            src="https://placedog.net/500/500"
          />
        </div>
      </div>
    </section>
  </div>,
  "debug": [Function],
  "findAllByAltText": [Function],
  "findAllByDisplayValue": [Function],
  "findAllByLabelText": [Function],
  "findAllByPlaceholderText": [Function],
  "findAllByRole": [Function],
  "findAllByTestId": [Function],
  "findAllByText": [Function],
  "findAllByTitle": [Function],
  "findByAltText": [Function],
  "findByDisplayValue": [Function],
  "findByLabelText": [Function],
  "findByPlaceholderText": [Function],
  "findByRole": [Function],
  "findByTestId": [Function],
  "findByText": [Function],
  "findByTitle": [Function],
  "getAllByAltText": [Function],
  "getAllByDisplayValue": [Function],
  "getAllByLabelText": [Function],
  "getAllByPlaceholderText": [Function],
  "getAllByRole": [Function],
  "getAllByTestId": [Function],
  "getAllByText": [Function],
  "getAllByTitle": [Function],
  "getByAltText": [Function],
  "getByDisplayValue": [Function],
  "getByLabelText": [Function],
  "getByPlaceholderText": [Function],
  "getByRole": [Function],
  "getByTestId": [Function],
  "getByText": [Function],
  "getByTitle": [Function],
  "queryAllByAltText": [Function],
  "queryAllByDisplayValue": [Function],
  "queryAllByLabelText": [Function],
  "queryAllByPlaceholderText": [Function],
  "queryAllByRole": [Function],
  "queryAllByTestId": [Function],
  "queryAllByText": [Function],
  "queryAllByTitle": [Function],
  "queryByAltText": [Function],
  "queryByDisplayValue": [Function],
  "queryByLabelText": [Function],
  "queryByPlaceholderText": [Function],
  "queryByRole": [Function],
  "queryByTestId": [Function],
  "queryByText": [Function],
  "queryByTitle": [Function],
  "rerender": [Function],
  "unmount": [Function],
}
`;
