// Jest Snapshot v1, https://goo.gl/fbAQLP

exports[`ActionBar component tree default props 1`] = `
<div>
  
  0
</div>
`;

exports[`ActionBar component tree snapshot 1`] = `
<div>
  <span>
    Espressive
  </span>
  <button
    aria-label="new"
    class="ui basic button"
    data-testid="new"
    name="new"
    type="button"
  >
    new
  </button>
  <button
    aria-label="edit"
    class="ui basic button"
    data-testid="edit"
    name="edit"
    type="button"
  >
    edit
  </button>
</div>
`;
