// Jest Snapshot v1, https://goo.gl/fbAQLP

exports[`Table component tree snapshot test 1`] = `
<div>
  <form>
    <table
      class="Table"
      style="grid-template-columns: repeat(5, auto);"
    >
      <thead
        class="HeadContainer"
      >
        <tr
          class="Row"
        >
          <th
            class="HeadCell"
          >
            Active
          </th>
          <th
            class="HeadCell"
          >
            ID
          </th>
          <th
            class="HeadCell"
          >
            Email
          </th>
          <th
            class="HeadCell"
          >
            Country
          </th>
          <th
            class="HeadCell"
          />
        </tr>
      </thead>
      <tbody
        class="BodyContainer"
      >
        <tr
          class="Row"
        >
          <td
            class="Cell"
          >
            <div
              class="Checkbox"
            >
              <span>
                <span
                  class="Input"
                  data-checked="true"
                />
              </span>
            </div>
          </td>
          <td
            class="Cell"
          >
            <div
              class="Text"
            >
              <span>
                <span
                  class="Input"
                >
                  024f2316-265a-46e8-965a-837e308ae678
                </span>
              </span>
            </div>
          </td>
          <td
            class="Cell"
          >
            <div
              class="Email"
            >
              <span>
                <span
                  class="Input"
                >
                  Hayden.Zieme@espressive.com
                </span>
              </span>
            </div>
          </td>
          <td
            class="Cell"
          >
            <div
              class="Select"
            >
              <span>
                <span
                  class="Input"
                >
                  Argentina
                </span>
              </span>
            </div>
          </td>
          <td
            class="CellActions"
          >
            <button
              aria-label="Edit"
              class="ui basic icon button"
              name="edit.start"
              type="button"
            >
              <svg
                focusable="false"
                height="1em"
                preserveAspectRatio="xMidYMid meet"
                style="transform: rotate(360deg); vertical-align: -0.143em;"
                viewBox="0 0 140 140"
                width="1em"
                xmlns="http://www.w3.org/2000/svg"
              >
                <path
                  d="M87.89 23.252a2.917 2.917 0 0 0-2.064-.864a2.917 2.917 0 0 0-2.065.858L20.049 86.975a2.917 2.917 0 0 0 0 4.124l28.863 28.863a2.917 2.917 0 0 0 4.125 0l63.682-63.682a2.917 2.917 0 0 0 0-4.118zM14.175 98a2.917 2.917 0 0 0-2.852-.74a2.917 2.917 0 0 0-2.048 2.123L.49 135.998a2.917 2.917 0 0 0 .776 2.742a2.958 2.958 0 0 0 2.742.77l36.586-8.75a2.917 2.917 0 0 0 1.383-4.9zm121.158-80.943L122.95 4.667a14.583 14.583 0 0 0-20.603 0l-8.272 8.265a2.917 2.917 0 0 0 0 4.125l28.875 28.869a2.917 2.917 0 0 0 4.124 0l8.26-8.278a14.583 14.583 0 0 0 0-20.591z"
                  fill="currentColor"
                />
              </svg>
            </button>
            <button
              class="ui basic button"
              name="view"
              type="button"
            >
              view
            </button>
            <button
              class="ui basic button"
              name="delete"
              type="button"
            >
              delete
            </button>
          </td>
        </tr>
        <tr
          class="Row"
        >
          <td
            class="Cell"
          >
            <div
              class="Checkbox"
            >
              <span>
                <span
                  class="Input"
                />
              </span>
            </div>
          </td>
          <td
            class="Cell"
          >
            <div
              class="Text"
            >
              <span>
                <span
                  class="Input"
                >
                  8f676552-3b91-4474-a9d8-a27892bc4d87
                </span>
              </span>
            </div>
          </td>
          <td
            class="Cell"
          >
            <div
              class="Email"
            >
              <span>
                <span
                  class="Input"
                >
                  Hubert_Denesik@espressive.com
                </span>
              </span>
            </div>
          </td>
          <td
            class="Cell"
          >
            <div
              class="Select"
            >
              <span>
                <span
                  class="Input"
                >
                  Argentina
                </span>
              </span>
            </div>
          </td>
          <td
            class="CellActions"
          >
            <button
              aria-label="Edit"
              class="ui basic icon button"
              name="edit.start"
              type="button"
            >
              <svg
                focusable="false"
                height="1em"
                preserveAspectRatio="xMidYMid meet"
                style="transform: rotate(360deg); vertical-align: -0.143em;"
                viewBox="0 0 140 140"
                width="1em"
                xmlns="http://www.w3.org/2000/svg"
              >
                <path
                  d="M87.89 23.252a2.917 2.917 0 0 0-2.064-.864a2.917 2.917 0 0 0-2.065.858L20.049 86.975a2.917 2.917 0 0 0 0 4.124l28.863 28.863a2.917 2.917 0 0 0 4.125 0l63.682-63.682a2.917 2.917 0 0 0 0-4.118zM14.175 98a2.917 2.917 0 0 0-2.852-.74a2.917 2.917 0 0 0-2.048 2.123L.49 135.998a2.917 2.917 0 0 0 .776 2.742a2.958 2.958 0 0 0 2.742.77l36.586-8.75a2.917 2.917 0 0 0 1.383-4.9zm121.158-80.943L122.95 4.667a14.583 14.583 0 0 0-20.603 0l-8.272 8.265a2.917 2.917 0 0 0 0 4.125l28.875 28.869a2.917 2.917 0 0 0 4.124 0l8.26-8.278a14.583 14.583 0 0 0 0-20.591z"
                  fill="currentColor"
                />
              </svg>
            </button>
            <button
              class="ui basic button"
              name="view"
              type="button"
            >
              view
            </button>
            <button
              class="ui basic button"
              name="delete"
              type="button"
            >
              delete
            </button>
          </td>
        </tr>
        <tr
          class="Row"
        >
          <td
            class="Cell"
          >
            <div
              class="Checkbox"
            >
              <span>
                <span
                  class="Input"
                  data-checked="true"
                />
              </span>
            </div>
          </td>
          <td
            class="Cell"
          >
            <div
              class="Text"
            >
              <span>
                <span
                  class="Input"
                >
                  4189e6e0-2033-4017-b027-7a345a79e0c8
                </span>
              </span>
            </div>
          </td>
          <td
            class="Cell"
          >
            <div
              class="Email"
            >
              <span>
                <span
                  class="Input"
                >
                  Kathryn.Bernier40@espressive.com
                </span>
              </span>
            </div>
          </td>
          <td
            class="Cell"
          >
            <div
              class="Select"
            >
              <span>
                <span
                  class="Input"
                >
                  Argentina
                </span>
              </span>
            </div>
          </td>
          <td
            class="CellActions"
          >
            <button
              aria-label="Edit"
              class="ui basic icon button"
              name="edit.start"
              type="button"
            >
              <svg
                focusable="false"
                height="1em"
                preserveAspectRatio="xMidYMid meet"
                style="transform: rotate(360deg); vertical-align: -0.143em;"
                viewBox="0 0 140 140"
                width="1em"
                xmlns="http://www.w3.org/2000/svg"
              >
                <path
                  d="M87.89 23.252a2.917 2.917 0 0 0-2.064-.864a2.917 2.917 0 0 0-2.065.858L20.049 86.975a2.917 2.917 0 0 0 0 4.124l28.863 28.863a2.917 2.917 0 0 0 4.125 0l63.682-63.682a2.917 2.917 0 0 0 0-4.118zM14.175 98a2.917 2.917 0 0 0-2.852-.74a2.917 2.917 0 0 0-2.048 2.123L.49 135.998a2.917 2.917 0 0 0 .776 2.742a2.958 2.958 0 0 0 2.742.77l36.586-8.75a2.917 2.917 0 0 0 1.383-4.9zm121.158-80.943L122.95 4.667a14.583 14.583 0 0 0-20.603 0l-8.272 8.265a2.917 2.917 0 0 0 0 4.125l28.875 28.869a2.917 2.917 0 0 0 4.124 0l8.26-8.278a14.583 14.583 0 0 0 0-20.591z"
                  fill="currentColor"
                />
              </svg>
            </button>
            <button
              class="ui basic button"
              name="view"
              type="button"
            >
              view
            </button>
            <button
              class="ui basic button"
              name="delete"
              type="button"
            >
              delete
            </button>
          </td>
        </tr>
        <tr
          class="Row"
        >
          <td
            class="Cell"
          >
            <div
              class="Checkbox"
            >
              <span>
                <span
                  class="Input"
                  data-checked="true"
                />
              </span>
            </div>
          </td>
          <td
            class="Cell"
          >
            <div
              class="Text"
            >
              <span>
                <span
                  class="Input"
                >
                  fdb9b932-f30b-44e6-ac03-9d5f9269c096
                </span>
              </span>
            </div>
          </td>
          <td
            class="Cell"
          >
            <div
              class="Email"
            >
              <span>
                <span
                  class="Input"
                >
                  Vito4@espressive.com
                </span>
              </span>
            </div>
          </td>
          <td
            class="Cell"
          >
            <div
              class="Select"
            >
              <span>
                <span
                  class="Input"
                >
                  USA
                </span>
              </span>
            </div>
          </td>
          <td
            class="CellActions"
          >
            <button
              aria-label="Edit"
              class="ui basic icon button"
              name="edit.start"
              type="button"
            >
              <svg
                focusable="false"
                height="1em"
                preserveAspectRatio="xMidYMid meet"
                style="transform: rotate(360deg); vertical-align: -0.143em;"
                viewBox="0 0 140 140"
                width="1em"
                xmlns="http://www.w3.org/2000/svg"
              >
                <path
                  d="M87.89 23.252a2.917 2.917 0 0 0-2.064-.864a2.917 2.917 0 0 0-2.065.858L20.049 86.975a2.917 2.917 0 0 0 0 4.124l28.863 28.863a2.917 2.917 0 0 0 4.125 0l63.682-63.682a2.917 2.917 0 0 0 0-4.118zM14.175 98a2.917 2.917 0 0 0-2.852-.74a2.917 2.917 0 0 0-2.048 2.123L.49 135.998a2.917 2.917 0 0 0 .776 2.742a2.958 2.958 0 0 0 2.742.77l36.586-8.75a2.917 2.917 0 0 0 1.383-4.9zm121.158-80.943L122.95 4.667a14.583 14.583 0 0 0-20.603 0l-8.272 8.265a2.917 2.917 0 0 0 0 4.125l28.875 28.869a2.917 2.917 0 0 0 4.124 0l8.26-8.278a14.583 14.583 0 0 0 0-20.591z"
                  fill="currentColor"
                />
              </svg>
            </button>
            <button
              class="ui basic button"
              name="view"
              type="button"
            >
              view
            </button>
            <button
              class="ui basic button"
              name="delete"
              type="button"
            >
              delete
            </button>
          </td>
        </tr>
        <tr
          class="Row"
        >
          <td
            class="Cell"
          >
            <div
              class="Checkbox"
            >
              <span>
                <span
                  class="Input"
                  data-checked="true"
                />
              </span>
            </div>
          </td>
          <td
            class="Cell"
          >
            <div
              class="Text"
            >
              <span>
                <span
                  class="Input"
                >
                  35ef7196-c587-44f3-81ab-d732ce143614
                </span>
              </span>
            </div>
          </td>
          <td
            class="Cell"
          >
            <div
              class="Email"
            >
              <span>
                <span
                  class="Input"
                >
                  Damaris_Bednar52@espressive.com
                </span>
              </span>
            </div>
          </td>
          <td
            class="Cell"
          >
            <div
              class="Select"
            >
              <span>
                <span
                  class="Input"
                >
                  Argentina
                </span>
              </span>
            </div>
          </td>
          <td
            class="CellActions"
          >
            <button
              aria-label="Edit"
              class="ui basic icon button"
              name="edit.start"
              type="button"
            >
              <svg
                focusable="false"
                height="1em"
                preserveAspectRatio="xMidYMid meet"
                style="transform: rotate(360deg); vertical-align: -0.143em;"
                viewBox="0 0 140 140"
                width="1em"
                xmlns="http://www.w3.org/2000/svg"
              >
                <path
                  d="M87.89 23.252a2.917 2.917 0 0 0-2.064-.864a2.917 2.917 0 0 0-2.065.858L20.049 86.975a2.917 2.917 0 0 0 0 4.124l28.863 28.863a2.917 2.917 0 0 0 4.125 0l63.682-63.682a2.917 2.917 0 0 0 0-4.118zM14.175 98a2.917 2.917 0 0 0-2.852-.74a2.917 2.917 0 0 0-2.048 2.123L.49 135.998a2.917 2.917 0 0 0 .776 2.742a2.958 2.958 0 0 0 2.742.77l36.586-8.75a2.917 2.917 0 0 0 1.383-4.9zm121.158-80.943L122.95 4.667a14.583 14.583 0 0 0-20.603 0l-8.272 8.265a2.917 2.917 0 0 0 0 4.125l28.875 28.869a2.917 2.917 0 0 0 4.124 0l8.26-8.278a14.583 14.583 0 0 0 0-20.591z"
                  fill="currentColor"
                />
              </svg>
            </button>
            <button
              class="ui basic button"
              name="view"
              type="button"
            >
              view
            </button>
            <button
              class="ui basic button"
              name="delete"
              type="button"
            >
              delete
            </button>
          </td>
        </tr>
      </tbody>
    </table>
  </form>
</div>
`;

exports[`Table component tree without row actions 1`] = `
<div>
  <form>
    <table
      class="Table"
      style="grid-template-columns: repeat(5, auto);"
    >
      <thead
        class="HeadContainer"
      >
        <tr
          class="Row"
        >
          <th
            class="HeadCell"
          >
            Active
          </th>
          <th
            class="HeadCell"
          >
            ID
          </th>
          <th
            class="HeadCell"
          >
            Email
          </th>
          <th
            class="HeadCell"
          >
            Country
          </th>
          <th
            class="HeadCell"
          />
        </tr>
      </thead>
      <tbody
        class="BodyContainer"
      >
        <tr
          class="Row"
        >
          <td
            class="Cell"
          >
            <div
              class="Checkbox"
            >
              <span>
                <span
                  class="Input"
                  data-checked="true"
                />
              </span>
            </div>
          </td>
          <td
            class="Cell"
          >
            <div
              class="Text"
            >
              <span>
                <span
                  class="Input"
                >
                  024f2316-265a-46e8-965a-837e308ae678
                </span>
              </span>
            </div>
          </td>
          <td
            class="Cell"
          >
            <div
              class="Email"
            >
              <span>
                <span
                  class="Input"
                >
                  Hayden.Zieme@espressive.com
                </span>
              </span>
            </div>
          </td>
          <td
            class="Cell"
          >
            <div
              class="Select"
            >
              <span>
                <span
                  class="Input"
                >
                  Argentina
                </span>
              </span>
            </div>
          </td>
          <td
            class="CellActions"
          >
            <button
              aria-label="Edit"
              class="ui basic icon button"
              name="edit.start"
              type="button"
            >
              <svg
                focusable="false"
                height="1em"
                preserveAspectRatio="xMidYMid meet"
                style="transform: rotate(360deg); vertical-align: -0.143em;"
                viewBox="0 0 140 140"
                width="1em"
                xmlns="http://www.w3.org/2000/svg"
              >
                <path
                  d="M87.89 23.252a2.917 2.917 0 0 0-2.064-.864a2.917 2.917 0 0 0-2.065.858L20.049 86.975a2.917 2.917 0 0 0 0 4.124l28.863 28.863a2.917 2.917 0 0 0 4.125 0l63.682-63.682a2.917 2.917 0 0 0 0-4.118zM14.175 98a2.917 2.917 0 0 0-2.852-.74a2.917 2.917 0 0 0-2.048 2.123L.49 135.998a2.917 2.917 0 0 0 .776 2.742a2.958 2.958 0 0 0 2.742.77l36.586-8.75a2.917 2.917 0 0 0 1.383-4.9zm121.158-80.943L122.95 4.667a14.583 14.583 0 0 0-20.603 0l-8.272 8.265a2.917 2.917 0 0 0 0 4.125l28.875 28.869a2.917 2.917 0 0 0 4.124 0l8.26-8.278a14.583 14.583 0 0 0 0-20.591z"
                  fill="currentColor"
                />
              </svg>
            </button>
            <button
              class="ui basic button"
              name="view"
              type="button"
            >
              view
            </button>
            <button
              class="ui basic button"
              name="delete"
              type="button"
            >
              delete
            </button>
          </td>
        </tr>
        <tr
          class="Row"
        >
          <td
            class="Cell"
          >
            <div
              class="Checkbox"
            >
              <span>
                <span
                  class="Input"
                />
              </span>
            </div>
          </td>
          <td
            class="Cell"
          >
            <div
              class="Text"
            >
              <span>
                <span
                  class="Input"
                >
                  8f676552-3b91-4474-a9d8-a27892bc4d87
                </span>
              </span>
            </div>
          </td>
          <td
            class="Cell"
          >
            <div
              class="Email"
            >
              <span>
                <span
                  class="Input"
                >
                  Hubert_Denesik@espressive.com
                </span>
              </span>
            </div>
          </td>
          <td
            class="Cell"
          >
            <div
              class="Select"
            >
              <span>
                <span
                  class="Input"
                >
                  Argentina
                </span>
              </span>
            </div>
          </td>
          <td
            class="CellActions"
          >
            <button
              aria-label="Edit"
              class="ui basic icon button"
              name="edit.start"
              type="button"
            >
              <svg
                focusable="false"
                height="1em"
                preserveAspectRatio="xMidYMid meet"
                style="transform: rotate(360deg); vertical-align: -0.143em;"
                viewBox="0 0 140 140"
                width="1em"
                xmlns="http://www.w3.org/2000/svg"
              >
                <path
                  d="M87.89 23.252a2.917 2.917 0 0 0-2.064-.864a2.917 2.917 0 0 0-2.065.858L20.049 86.975a2.917 2.917 0 0 0 0 4.124l28.863 28.863a2.917 2.917 0 0 0 4.125 0l63.682-63.682a2.917 2.917 0 0 0 0-4.118zM14.175 98a2.917 2.917 0 0 0-2.852-.74a2.917 2.917 0 0 0-2.048 2.123L.49 135.998a2.917 2.917 0 0 0 .776 2.742a2.958 2.958 0 0 0 2.742.77l36.586-8.75a2.917 2.917 0 0 0 1.383-4.9zm121.158-80.943L122.95 4.667a14.583 14.583 0 0 0-20.603 0l-8.272 8.265a2.917 2.917 0 0 0 0 4.125l28.875 28.869a2.917 2.917 0 0 0 4.124 0l8.26-8.278a14.583 14.583 0 0 0 0-20.591z"
                  fill="currentColor"
                />
              </svg>
            </button>
            <button
              class="ui basic button"
              name="view"
              type="button"
            >
              view
            </button>
            <button
              class="ui basic button"
              name="delete"
              type="button"
            >
              delete
            </button>
          </td>
        </tr>
        <tr
          class="Row"
        >
          <td
            class="Cell"
          >
            <div
              class="Checkbox"
            >
              <span>
                <span
                  class="Input"
                  data-checked="true"
                />
              </span>
            </div>
          </td>
          <td
            class="Cell"
          >
            <div
              class="Text"
            >
              <span>
                <span
                  class="Input"
                >
                  4189e6e0-2033-4017-b027-7a345a79e0c8
                </span>
              </span>
            </div>
          </td>
          <td
            class="Cell"
          >
            <div
              class="Email"
            >
              <span>
                <span
                  class="Input"
                >
                  Kathryn.Bernier40@espressive.com
                </span>
              </span>
            </div>
          </td>
          <td
            class="Cell"
          >
            <div
              class="Select"
            >
              <span>
                <span
                  class="Input"
                >
                  Argentina
                </span>
              </span>
            </div>
          </td>
          <td
            class="CellActions"
          >
            <button
              aria-label="Edit"
              class="ui basic icon button"
              name="edit.start"
              type="button"
            >
              <svg
                focusable="false"
                height="1em"
                preserveAspectRatio="xMidYMid meet"
                style="transform: rotate(360deg); vertical-align: -0.143em;"
                viewBox="0 0 140 140"
                width="1em"
                xmlns="http://www.w3.org/2000/svg"
              >
                <path
                  d="M87.89 23.252a2.917 2.917 0 0 0-2.064-.864a2.917 2.917 0 0 0-2.065.858L20.049 86.975a2.917 2.917 0 0 0 0 4.124l28.863 28.863a2.917 2.917 0 0 0 4.125 0l63.682-63.682a2.917 2.917 0 0 0 0-4.118zM14.175 98a2.917 2.917 0 0 0-2.852-.74a2.917 2.917 0 0 0-2.048 2.123L.49 135.998a2.917 2.917 0 0 0 .776 2.742a2.958 2.958 0 0 0 2.742.77l36.586-8.75a2.917 2.917 0 0 0 1.383-4.9zm121.158-80.943L122.95 4.667a14.583 14.583 0 0 0-20.603 0l-8.272 8.265a2.917 2.917 0 0 0 0 4.125l28.875 28.869a2.917 2.917 0 0 0 4.124 0l8.26-8.278a14.583 14.583 0 0 0 0-20.591z"
                  fill="currentColor"
                />
              </svg>
            </button>
            <button
              class="ui basic button"
              name="view"
              type="button"
            >
              view
            </button>
            <button
              class="ui basic button"
              name="delete"
              type="button"
            >
              delete
            </button>
          </td>
        </tr>
        <tr
          class="Row"
        >
          <td
            class="Cell"
          >
            <div
              class="Checkbox"
            >
              <span>
                <span
                  class="Input"
                  data-checked="true"
                />
              </span>
            </div>
          </td>
          <td
            class="Cell"
          >
            <div
              class="Text"
            >
              <span>
                <span
                  class="Input"
                >
                  fdb9b932-f30b-44e6-ac03-9d5f9269c096
                </span>
              </span>
            </div>
          </td>
          <td
            class="Cell"
          >
            <div
              class="Email"
            >
              <span>
                <span
                  class="Input"
                >
                  Vito4@espressive.com
                </span>
              </span>
            </div>
          </td>
          <td
            class="Cell"
          >
            <div
              class="Select"
            >
              <span>
                <span
                  class="Input"
                >
                  USA
                </span>
              </span>
            </div>
          </td>
          <td
            class="CellActions"
          >
            <button
              aria-label="Edit"
              class="ui basic icon button"
              name="edit.start"
              type="button"
            >
              <svg
                focusable="false"
                height="1em"
                preserveAspectRatio="xMidYMid meet"
                style="transform: rotate(360deg); vertical-align: -0.143em;"
                viewBox="0 0 140 140"
                width="1em"
                xmlns="http://www.w3.org/2000/svg"
              >
                <path
                  d="M87.89 23.252a2.917 2.917 0 0 0-2.064-.864a2.917 2.917 0 0 0-2.065.858L20.049 86.975a2.917 2.917 0 0 0 0 4.124l28.863 28.863a2.917 2.917 0 0 0 4.125 0l63.682-63.682a2.917 2.917 0 0 0 0-4.118zM14.175 98a2.917 2.917 0 0 0-2.852-.74a2.917 2.917 0 0 0-2.048 2.123L.49 135.998a2.917 2.917 0 0 0 .776 2.742a2.958 2.958 0 0 0 2.742.77l36.586-8.75a2.917 2.917 0 0 0 1.383-4.9zm121.158-80.943L122.95 4.667a14.583 14.583 0 0 0-20.603 0l-8.272 8.265a2.917 2.917 0 0 0 0 4.125l28.875 28.869a2.917 2.917 0 0 0 4.124 0l8.26-8.278a14.583 14.583 0 0 0 0-20.591z"
                  fill="currentColor"
                />
              </svg>
            </button>
            <button
              class="ui basic button"
              name="view"
              type="button"
            >
              view
            </button>
            <button
              class="ui basic button"
              name="delete"
              type="button"
            >
              delete
            </button>
          </td>
        </tr>
        <tr
          class="Row"
        >
          <td
            class="Cell"
          >
            <div
              class="Checkbox"
            >
              <span>
                <span
                  class="Input"
                  data-checked="true"
                />
              </span>
            </div>
          </td>
          <td
            class="Cell"
          >
            <div
              class="Text"
            >
              <span>
                <span
                  class="Input"
                >
                  35ef7196-c587-44f3-81ab-d732ce143614
                </span>
              </span>
            </div>
          </td>
          <td
            class="Cell"
          >
            <div
              class="Email"
            >
              <span>
                <span
                  class="Input"
                >
                  Damaris_Bednar52@espressive.com
                </span>
              </span>
            </div>
          </td>
          <td
            class="Cell"
          >
            <div
              class="Select"
            >
              <span>
                <span
                  class="Input"
                >
                  Argentina
                </span>
              </span>
            </div>
          </td>
          <td
            class="CellActions"
          >
            <button
              aria-label="Edit"
              class="ui basic icon button"
              name="edit.start"
              type="button"
            >
              <svg
                focusable="false"
                height="1em"
                preserveAspectRatio="xMidYMid meet"
                style="transform: rotate(360deg); vertical-align: -0.143em;"
                viewBox="0 0 140 140"
                width="1em"
                xmlns="http://www.w3.org/2000/svg"
              >
                <path
                  d="M87.89 23.252a2.917 2.917 0 0 0-2.064-.864a2.917 2.917 0 0 0-2.065.858L20.049 86.975a2.917 2.917 0 0 0 0 4.124l28.863 28.863a2.917 2.917 0 0 0 4.125 0l63.682-63.682a2.917 2.917 0 0 0 0-4.118zM14.175 98a2.917 2.917 0 0 0-2.852-.74a2.917 2.917 0 0 0-2.048 2.123L.49 135.998a2.917 2.917 0 0 0 .776 2.742a2.958 2.958 0 0 0 2.742.77l36.586-8.75a2.917 2.917 0 0 0 1.383-4.9zm121.158-80.943L122.95 4.667a14.583 14.583 0 0 0-20.603 0l-8.272 8.265a2.917 2.917 0 0 0 0 4.125l28.875 28.869a2.917 2.917 0 0 0 4.124 0l8.26-8.278a14.583 14.583 0 0 0 0-20.591z"
                  fill="currentColor"
                />
              </svg>
            </button>
            <button
              class="ui basic button"
              name="view"
              type="button"
            >
              view
            </button>
            <button
              class="ui basic button"
              name="delete"
              type="button"
            >
              delete
            </button>
          </td>
        </tr>
      </tbody>
    </table>
  </form>
</div>
`;
