// Jest Snapshot v1, https://goo.gl/fbAQLP

exports[`Form snapshot test 1`] = `
<div>
  <form
    class="Form"
  >
    <label
      for="eid"
    >
      <span
        class="LabelText"
      >
        EID
      </span>
      <div
        class="Text"
      >
        <span
          aria-label="EID"
          class="Input"
        >
          e024f231-6265-4a6e-8d65-a837e308ae67
        </span>
      </div>
    </label>
    <div
      class="FormRow"
      style="grid-template-columns: 1fr 1fr 2fr;"
    >
      <label
        for="firstName"
      >
        <span
          class="LabelText"
        >
          First Name
        </span>
        <div
          class="Text"
        >
          <span
            aria-label="First Name"
            class="Input"
          >
            Keaton
          </span>
        </div>
      </label>
      <label
        for="lastName"
      >
        <span
          class="LabelText"
        >
          Last Name
        </span>
        <div
          class="Text"
        >
          <span
            aria-label="Last Name"
            class="Input"
          >
            Streich
          </span>
        </div>
      </label>
      <label
        for="officePhone"
      >
        <span
          class="LabelText"
        >
          Office Phone
        </span>
        <div
          class="Text"
        >
          <span
            aria-label="Office Phone"
            class="Input"
          >
            (808) 221-0860 x54694
          </span>
        </div>
      </label>
    </div>
    <label
      for="homePhone"
    >
      <span
        class="LabelText"
      >
        Home Phone
      </span>
      <div
        class="Text"
      >
        <span
          aria-label="Home Phone"
          class="Input"
        >
          391-887-9830 x658
        </span>
      </div>
    </label>
    <div
      class="FormRow"
      style="grid-template-columns: repeat(auto-fill, minmax(10em, 1fr));"
    >
      <label
        for="title"
      >
        <span
          class="LabelText"
        >
          Title
        </span>
        <div
          class="Text"
        >
          <span
            aria-label="Title"
            class="Input"
          >
            Global Implementation Developer
          </span>
        </div>
      </label>
      <label
        for="department"
      >
        <span
          class="LabelText"
        >
          Department
        </span>
        <div
          class="Text"
        >
          <span
            aria-label="Department"
            class="Input"
          >
            Assurance
          </span>
        </div>
      </label>
      <label
        for="country"
      >
        <span
          class="LabelText"
        >
          Country
        </span>
        <div
          class="Text"
        >
          <span
            aria-label="Country"
            class="Input"
          >
            ZW
          </span>
        </div>
      </label>
    </div>
    <div
      class="FormActionBar"
    >
      <button
        aria-label="Edit"
        class="ui basic button"
        type="button"
      >
        Edit
      </button>
      <button
        aria-label="Delete"
        class="ui basic button"
        name="delete"
        type="button"
      >
        Delete
      </button>
    </div>
  </form>
</div>
`;
